  reported      19%   (battery service)
  charger       not charging   (P0.17 ~CHG)
  computed      3,484 mV -> 16%
  at the pin    1,177 mV   (1,340 raw counts)
  divider off   3,853 raw counts
  control       3,294 mV for the 3.3V rail   (ADC is sound)
  divider       P0.14 LOW - enabled
  errors        none

  >> the gauge is reading the cell

  sampling every 1 min for 1440 min, every 0.5 min below 3,450 mV

  10:14:41  t+   0.0min  3,478 mV   15%  on cell   (pin 1,175 mV, vdd 3,298 mV)
  10:15:42  t+   1.1min  3,514 mV   19%  on cell   (pin 1,187 mV, vdd 3,289 mV)
  10:16:45  t+   2.1min  3,505 mV   18%  on cell   (pin 1,184 mV, vdd 3,296 mV)
  10:17:48  t+   3.2min  3,505 mV   18%  on cell   (pin 1,184 mV, vdd 3,297 mV)
  10:18:49  t+   4.2min  3,470 mV   14%  on cell   (pin 1,172 mV, vdd 3,298 mV)
  10:19:51  t+   5.2min  3,478 mV   15%  on cell   (pin 1,175 mV, vdd 3,300 mV)
  10:20:52  t+   6.2min  3,538 mV   22%  on cell   (pin 1,195 mV, vdd 3,302 mV)
  10:21:54  t+   7.3min  3,490 mV   16%  on cell   (pin 1,179 mV, vdd 3,301 mV)
  10:22:57  t+   8.3min  3,517 mV   19%  on cell   (pin 1,188 mV, vdd 3,296 mV)
  10:23:58  t+   9.3min  3,514 mV   19%  on cell   (pin 1,187 mV, vdd 3,300 mV)
  10:25:00  t+  10.4min  3,499 mV   17%  on cell   (pin 1,182 mV, vdd 3,304 mV)
  10:26:02  t+  11.4min  3,502 mV   18%  on cell   (pin 1,183 mV, vdd 3,301 mV)
  10:27:05  t+  12.4min  3,508 mV   18%  on cell   (pin 1,185 mV, vdd 3,301 mV)
  10:28:07  t+  13.5min  3,517 mV   19%  on cell   (pin 1,188 mV, vdd 3,304 mV)
  10:29:10  t+  14.5min  3,511 mV   19%  on cell   (pin 1,186 mV, vdd 3,300 mV)
  10:30:12  t+  15.6min  3,520 mV   20%  on cell   (pin 1,189 mV, vdd 3,302 mV)
  10:31:16  t+  16.6min  3,502 mV   18%  on cell   (pin 1,183 mV, vdd 3,308 mV)
  10:32:17  t+  17.7min  3,490 mV   16%  on cell   (pin 1,179 mV, vdd 3,298 mV)
  10:33:20  t+  18.7min  3,511 mV   19%  on cell   (pin 1,186 mV, vdd 3,303 mV)
  10:34:23  t+  19.7min  3,526 mV   20%  on cell   (pin 1,191 mV, vdd 3,299 mV)
  10:35:24  t+  20.8min  3,523 mV   20%  on cell   (pin 1,190 mV, vdd 3,300 mV)
  10:36:26  t+  21.8min  3,517 mV   19%  on cell   (pin 1,188 mV, vdd 3,306 mV)
  10:37:28  t+  22.8min  3,529 mV   21%  on cell   (pin 1,192 mV, vdd 3,301 mV)
  10:38:30  t+  23.9min  3,493 mV   17%  on cell   (pin 1,180 mV, vdd 3,303 mV)
  10:39:31  t+  24.9min  3,481 mV   15%  on cell   (pin 1,176 mV, vdd 3,296 mV)
  10:40:34  t+  25.9min  3,523 mV   20%  on cell   (pin 1,190 mV, vdd 3,300 mV)
  10:41:36  t+  27.0min  3,484 mV   16%  on cell   (pin 1,177 mV, vdd 3,299 mV)
  10:42:40  t+  28.0min  3,499 mV   17%  on cell   (pin 1,182 mV, vdd 3,304 mV)
  10:43:42  t+  29.1min  3,523 mV   20%  on cell   (pin 1,190 mV, vdd 3,307 mV)
  10:44:44  t+  30.1min  3,505 mV   18%  on cell   (pin 1,184 mV, vdd 3,297 mV)
  10:45:46  t+  31.1min  3,499 mV   17%  on cell   (pin 1,182 mV, vdd 3,297 mV)
  10:46:49  t+  32.2min  3,508 mV   18%  on cell   (pin 1,185 mV, vdd 3,295 mV)
  10:47:51  t+  33.2min  3,514 mV   19%  on cell   (pin 1,187 mV, vdd 3,289 mV)
  10:48:53  t+  34.2min  3,532 mV   21%  on cell   (pin 1,193 mV, vdd 3,301 mV)
  10:49:55  t+  35.3min  3,499 mV   17%  on cell   (pin 1,182 mV, vdd 3,302 mV)
  10:51:00  t+  36.4min  3,538 mV   22%  on cell   (pin 1,195 mV, vdd 3,300 mV)
  10:52:01  t+  37.4min  3,487 mV   16%  on cell   (pin 1,178 mV, vdd 3,297 mV)
  10:53:03  t+  38.4min  3,508 mV   18%  on cell   (pin 1,185 mV, vdd 3,304 mV)
  10:54:07  t+  39.5min  3,502 mV   18%  on cell   (pin 1,183 mV, vdd 3,301 mV)
  10:55:10  t+  40.5min  3,493 mV   17%  on cell   (pin 1,180 mV, vdd 3,301 mV)
  10:56:11  t+  41.6min  3,481 mV   15%  on cell   (pin 1,176 mV, vdd 3,302 mV)
  10:57:14  t+  42.6min  3,499 mV   17%  on cell   (pin 1,182 mV, vdd 3,301 mV)
  10:58:16  t+  43.6min  3,484 mV   16%  on cell   (pin 1,177 mV, vdd 3,302 mV)
  10:59:19  t+  44.7min  3,455 mV   12%  on cell   (pin 1,167 mV, vdd 3,304 mV)
  11:00:21  t+  45.7min  3,499 mV   17%  on cell   (pin 1,182 mV, vdd 3,296 mV)
  11:01:23  t+  46.7min  3,502 mV   18%  on cell   (pin 1,183 mV, vdd 3,304 mV)
  11:02:25  t+  47.8min  3,490 mV   16%  on cell   (pin 1,179 mV, vdd 3,296 mV)
  11:03:26  t+  48.8min  3,490 mV   16%  on cell   (pin 1,179 mV, vdd 3,299 mV)
  11:04:28  t+  49.8min  3,523 mV   20%  on cell   (pin 1,190 mV, vdd 3,308 mV)
  11:05:30  t+  50.9min  3,538 mV   22%  on cell   (pin 1,195 mV, vdd 3,311 mV)
  11:06:31  t+  51.9min  3,496 mV   17%  on cell   (pin 1,181 mV, vdd 3,300 mV)
  11:07:32  t+  52.9min  3,502 mV   18%  on cell   (pin 1,183 mV, vdd 3,301 mV)
  11:08:34  t+  53.9min  3,478 mV   15%  on cell   (pin 1,175 mV, vdd 3,302 mV)
  11:09:36  t+  55.0min  3,514 mV   19%  on cell   (pin 1,187 mV, vdd 3,303 mV)
  11:10:37  t+  56.0min  3,508 mV   18%  on cell   (pin 1,185 mV, vdd 3,304 mV)
  11:11:39  t+  57.0min  3,490 mV   16%  on cell   (pin 1,179 mV, vdd 3,297 mV)
  11:12:42  t+  58.1min  3,505 mV   18%  on cell   (pin 1,184 mV, vdd 3,309 mV)
  11:13:44  t+  59.1min  3,508 mV   18%  on cell   (pin 1,185 mV, vdd 3,308 mV)
  11:14:46  t+  60.1min  3,478 mV   15%  on cell   (pin 1,175 mV, vdd 3,303 mV)
  11:15:49  t+  61.2min  3,473 mV   14%  on cell   (pin 1,173 mV, vdd 3,305 mV)
  11:16:50  t+  62.2min  3,467 mV   14%  on cell   (pin 1,171 mV, vdd 3,301 mV)
  11:17:53  t+  63.2min  3,514 mV   19%  on cell   (pin 1,187 mV, vdd 3,295 mV)
  11:18:55  t+  64.3min  3,505 mV   18%  on cell   (pin 1,184 mV, vdd 3,306 mV)
  11:19:58  t+  65.3min  3,490 mV   16%  on cell   (pin 1,179 mV, vdd 3,304 mV)
  11:20:59  t+  66.3min  3,493 mV   17%  on cell   (pin 1,180 mV, vdd 3,299 mV)
  11:22:02  t+  67.4min  3,496 mV   17%  on cell   (pin 1,181 mV, vdd 3,301 mV)
  11:23:04  t+  68.4min  3,443 mV   11%  on cell   (pin 1,163 mV, vdd 3,304 mV)
  -- under 3,450 mV, tightening to 0.5 min
  11:23:35  t+  68.9min  3,484 mV   16%  on cell   (pin 1,177 mV, vdd 3,305 mV)
  11:24:08  t+  69.5min  3,496 mV   17%  on cell   (pin 1,181 mV, vdd 3,306 mV)
  11:24:40  t+  70.0min  3,511 mV   19%  on cell   (pin 1,186 mV, vdd 3,289 mV)
  11:25:11  t+  70.5min  3,502 mV   18%  on cell   (pin 1,183 mV, vdd 3,298 mV)
  11:25:43  t+  71.1min  3,461 mV   13%  on cell   (pin 1,169 mV, vdd 3,296 mV)
  11:26:15  t+  71.6min  3,475 mV   15%  on cell   (pin 1,174 mV, vdd 3,304 mV)
  11:26:47  t+  72.2min  3,473 mV   14%  on cell   (pin 1,173 mV, vdd 3,304 mV)
  11:27:20  t+  72.7min  3,499 mV   17%  on cell   (pin 1,182 mV, vdd 3,297 mV)
  11:27:51  t+  73.2min  3,481 mV   15%  on cell   (pin 1,176 mV, vdd 3,300 mV)
  11:28:22  t+  73.7min  3,508 mV   18%  on cell   (pin 1,185 mV, vdd 3,300 mV)
  11:28:55  t+  74.3min  3,523 mV   20%  on cell   (pin 1,190 mV, vdd 3,299 mV)
  11:29:27  t+  74.8min  3,446 mV   11%  on cell   (pin 1,164 mV, vdd 3,297 mV)
  11:30:00  t+  75.4min  3,523 mV   20%  on cell   (pin 1,190 mV, vdd 3,306 mV)
  11:30:32  t+  75.9min  3,508 mV   18%  on cell   (pin 1,185 mV, vdd 3,312 mV)
  11:31:05  t+  76.4min  3,478 mV   15%  on cell   (pin 1,175 mV, vdd 3,301 mV)
  11:31:38  t+  77.0min  3,529 mV   21%  on cell   (pin 1,192 mV, vdd 3,302 mV)
  11:32:12  t+  77.6min  3,502 mV   18%  on cell   (pin 1,183 mV, vdd 3,300 mV)
  11:32:44  t+  78.1min  3,464 mV   13%  on cell   (pin 1,170 mV, vdd 3,297 mV)
  11:33:16  t+  78.6min  3,493 mV   17%  on cell   (pin 1,180 mV, vdd 3,296 mV)
  11:33:48  t+  79.2min  3,458 mV   13%  on cell   (pin 1,168 mV, vdd 3,303 mV)
  11:34:21  t+  79.7min  3,449 mV   12%  on cell   (pin 1,165 mV, vdd 3,302 mV)
  11:34:53  t+  80.3min  3,502 mV   18%  on cell   (pin 1,183 mV, vdd 3,300 mV)
  11:35:25  t+  80.8min  3,478 mV   15%  on cell   (pin 1,175 mV, vdd 3,298 mV)
  11:35:56  t+  81.3min  3,493 mV   17%  on cell   (pin 1,180 mV, vdd 3,306 mV)
  11:36:28  t+  81.8min  3,467 mV   14%  on cell   (pin 1,171 mV, vdd 3,295 mV)
  11:37:00  t+  82.4min  3,475 mV   15%  on cell   (pin 1,174 mV, vdd 3,301 mV)
  11:37:31  t+  82.9min  3,517 mV   19%  on cell   (pin 1,188 mV, vdd 3,306 mV)
  11:38:03  t+  83.4min  3,458 mV   13%  on cell   (pin 1,168 mV, vdd 3,302 mV)
  11:38:34  t+  83.9min  3,514 mV   19%  on cell   (pin 1,187 mV, vdd 3,304 mV)
  11:39:06  t+  84.5min  3,470 mV   14%  on cell   (pin 1,172 mV, vdd 3,311 mV)
  11:39:39  t+  85.0min  3,458 mV   13%  on cell   (pin 1,168 mV, vdd 3,298 mV)
  11:40:12  t+  85.6min  3,470 mV   14%  on cell   (pin 1,172 mV, vdd 3,295 mV)
  11:40:44  t+  86.1min  3,508 mV   18%  on cell   (pin 1,185 mV, vdd 3,297 mV)
  11:41:16  t+  86.6min  3,496 mV   17%  on cell   (pin 1,181 mV, vdd 3,298 mV)
  11:41:49  t+  87.2min  3,458 mV   13%  on cell   (pin 1,168 mV, vdd 3,302 mV)
  11:42:22  t+  87.7min  3,484 mV   16%  on cell   (pin 1,177 mV, vdd 3,302 mV)
  11:42:54  t+  88.3min  3,470 mV   14%  on cell   (pin 1,172 mV, vdd 3,299 mV)
  11:43:26  t+  88.8min  3,496 mV   17%  on cell   (pin 1,181 mV, vdd 3,305 mV)
  11:43:58  t+  89.3min  3,520 mV   20%  on cell   (pin 1,189 mV, vdd 3,302 mV)
  11:44:30  t+  89.9min  3,478 mV   15%  on cell   (pin 1,175 mV, vdd 3,304 mV)
  11:45:02  t+  90.4min  3,490 mV   16%  on cell   (pin 1,179 mV, vdd 3,301 mV)
  11:45:34  t+  90.9min  3,487 mV   16%  on cell   (pin 1,178 mV, vdd 3,300 mV)
  11:46:07  t+  91.5min  3,452 mV   12%  on cell   (pin 1,166 mV, vdd 3,299 mV)
  11:46:38  t+  92.0min  3,473 mV   14%  on cell   (pin 1,173 mV, vdd 3,303 mV)
  11:47:11  t+  92.5min  3,484 mV   16%  on cell   (pin 1,177 mV, vdd 3,300 mV)
  11:47:43  t+  93.1min  3,464 mV   13%  on cell   (pin 1,170 mV, vdd 3,293 mV)
  11:48:18  t+  93.7min  3,487 mV   16%  on cell   (pin 1,178 mV, vdd 3,296 mV)
  11:48:54  t+  94.3min  3,446 mV   11%  on cell   (pin 1,164 mV, vdd 3,295 mV)
  11:49:25  t+  94.8min  3,470 mV   14%  on cell   (pin 1,172 mV, vdd 3,289 mV)
  11:49:57  t+  95.3min  3,499 mV   17%  on cell   (pin 1,182 mV, vdd 3,301 mV)
  11:50:30  t+  95.9min  3,478 mV   15%  on cell   (pin 1,175 mV, vdd 3,294 mV)
  11:51:03  t+  96.4min  3,458 mV   13%  on cell   (pin 1,168 mV, vdd 3,304 mV)
  11:51:36  t+  97.0min  3,484 mV   16%  on cell   (pin 1,177 mV, vdd 3,300 mV)
  11:52:08  t+  97.5min  3,538 mV   22%  on cell   (pin 1,195 mV, vdd 3,289 mV)
  11:52:40  t+  98.0min  3,464 mV   13%  on cell   (pin 1,170 mV, vdd 3,295 mV)
  11:53:13  t+  98.6min  3,490 mV   16%  on cell   (pin 1,179 mV, vdd 3,300 mV)
  11:53:45  t+  99.1min  3,508 mV   18%  on cell   (pin 1,185 mV, vdd 3,297 mV)
  11:54:18  t+  99.7min  3,493 mV   17%  on cell   (pin 1,180 mV, vdd 3,297 mV)
  11:54:49  t+ 100.2min  3,508 mV   18%  on cell   (pin 1,185 mV, vdd 3,303 mV)
  11:55:21  t+ 100.7min  3,464 mV   13%  on cell   (pin 1,170 mV, vdd 3,295 mV)
  11:55:52  t+ 101.2min  3,467 mV   14%  on cell   (pin 1,171 mV, vdd 3,300 mV)
  11:56:24  t+ 101.8min  3,505 mV   18%  on cell   (pin 1,184 mV, vdd 3,301 mV)
  11:56:56  t+ 102.3min  3,478 mV   15%  on cell   (pin 1,175 mV, vdd 3,301 mV)
  11:57:28  t+ 102.8min  3,464 mV   13%  on cell   (pin 1,170 mV, vdd 3,304 mV)
  11:58:00  t+ 103.4min  3,464 mV   13%  on cell   (pin 1,170 mV, vdd 3,296 mV)
  11:58:33  t+ 103.9min  3,449 mV   12%  on cell   (pin 1,165 mV, vdd 3,292 mV)
  11:59:06  t+ 104.5min  3,455 mV   12%  on cell   (pin 1,167 mV, vdd 3,289 mV)
  11:59:38  t+ 105.0min  3,470 mV   14%  on cell   (pin 1,172 mV, vdd 3,301 mV)
  12:00:13  t+ 105.6min  3,455 mV   12%  on cell   (pin 1,167 mV, vdd 3,301 mV)
  12:00:46  t+ 106.1min  3,455 mV   12%  on cell   (pin 1,167 mV, vdd 3,295 mV)
  12:01:19  t+ 106.7min  3,478 mV   15%  on cell   (pin 1,175 mV, vdd 3,298 mV)
  12:01:51  t+ 107.2min  3,487 mV   16%  on cell   (pin 1,178 mV, vdd 3,297 mV)
  12:02:23  t+ 107.7min  3,493 mV   17%  on cell   (pin 1,180 mV, vdd 3,297 mV)
  12:02:56  t+ 108.3min  3,487 mV   16%  on cell   (pin 1,178 mV, vdd 3,302 mV)
  12:03:27  t+ 108.8min  3,455 mV   12%  on cell   (pin 1,167 mV, vdd 3,296 mV)
  12:04:01  t+ 109.4min  3,458 mV   13%  on cell   (pin 1,168 mV, vdd 3,300 mV)
  12:04:33  t+ 109.9min  3,475 mV   15%  on cell   (pin 1,174 mV, vdd 3,303 mV)
  12:05:05  t+ 110.4min  3,499 mV   17%  on cell   (pin 1,182 mV, vdd 3,300 mV)
  12:05:37  t+ 111.0min  3,487 mV   16%  on cell   (pin 1,178 mV, vdd 3,304 mV)
  12:06:09  t+ 111.5min  3,467 mV   14%  on cell   (pin 1,171 mV, vdd 3,304 mV)
  12:06:41  t+ 112.0min  3,490 mV   16%  on cell   (pin 1,179 mV, vdd 3,297 mV)
  12:07:13  t+ 112.6min  3,478 mV   15%  on cell   (pin 1,175 mV, vdd 3,298 mV)
  12:07:45  t+ 113.1min  3,526 mV   20%  on cell   (pin 1,191 mV, vdd 3,304 mV)
  12:08:16  t+ 113.6min  3,505 mV   18%  on cell   (pin 1,184 mV, vdd 3,297 mV)
  12:08:51  t+ 114.2min  3,470 mV   14%  on cell   (pin 1,172 mV, vdd 3,297 mV)
  12:09:24  t+ 114.8min  3,470 mV   14%  on cell   (pin 1,172 mV, vdd 3,297 mV)
  12:09:56  t+ 115.3min  3,437 mV   10%  on cell   (pin 1,161 mV, vdd 3,304 mV)
  12:10:29  t+ 115.8min  3,478 mV   15%  on cell   (pin 1,175 mV, vdd 3,301 mV)
  12:11:00  t+ 116.4min  3,461 mV   13%  on cell   (pin 1,169 mV, vdd 3,301 mV)
  12:11:32  t+ 116.9min  3,458 mV   13%  on cell   (pin 1,168 mV, vdd 3,300 mV)
  12:12:04  t+ 117.4min  3,475 mV   15%  on cell   (pin 1,174 mV, vdd 3,293 mV)
  12:12:36  t+ 118.0min  3,458 mV   13%  on cell   (pin 1,168 mV, vdd 3,286 mV)
  12:13:08  t+ 118.5min  3,470 mV   14%  on cell   (pin 1,172 mV, vdd 3,293 mV)
  12:13:41  t+ 119.0min  3,470 mV   14%  on cell   (pin 1,172 mV, vdd 3,296 mV)
  12:14:13  t+ 119.6min  3,458 mV   13%  on cell   (pin 1,168 mV, vdd 3,304 mV)
  12:14:45  t+ 120.1min  3,473 mV   14%  on cell   (pin 1,173 mV, vdd 3,301 mV)
  12:15:19  t+ 120.7min  3,449 mV   12%  on cell   (pin 1,165 mV, vdd 3,298 mV)
  12:15:51  t+ 121.2min  3,496 mV   17%  on cell   (pin 1,181 mV, vdd 3,304 mV)
  12:16:23  t+ 121.7min  3,446 mV   11%  on cell   (pin 1,164 mV, vdd 3,295 mV)
  12:16:54  t+ 122.3min  3,514 mV   19%  on cell   (pin 1,187 mV, vdd 3,296 mV)
  12:17:27  t+ 122.8min  3,470 mV   14%  on cell   (pin 1,172 mV, vdd 3,298 mV)
  12:18:00  t+ 123.4min  3,490 mV   16%  on cell   (pin 1,179 mV, vdd 3,298 mV)
  12:18:33  t+ 123.9min  3,446 mV   11%  on cell   (pin 1,164 mV, vdd 3,301 mV)
  12:19:09  t+ 124.5min  3,458 mV   13%  on cell   (pin 1,168 mV, vdd 3,297 mV)
  12:19:42  t+ 125.1min  3,505 mV   18%  on cell   (pin 1,184 mV, vdd 3,296 mV)
  12:20:15  t+ 125.6min  3,437 mV   10%  on cell   (pin 1,161 mV, vdd 3,297 mV)
  12:20:48  t+ 126.2min  3,470 mV   14%  on cell   (pin 1,172 mV, vdd 3,297 mV)
  12:21:20  t+ 126.7min  3,449 mV   12%  on cell   (pin 1,165 mV, vdd 3,295 mV)
  12:21:51  t+ 127.2min  3,478 mV   15%  on cell   (pin 1,175 mV, vdd 3,302 mV)
  12:22:24  t+ 127.8min  3,478 mV   15%  on cell   (pin 1,175 mV, vdd 3,293 mV)
  12:22:57  t+ 128.3min  3,481 mV   15%  on cell   (pin 1,176 mV, vdd 3,301 mV)
  12:23:29  t+ 128.8min  3,505 mV   18%  on cell   (pin 1,184 mV, vdd 3,303 mV)
  12:24:01  t+ 129.4min  3,484 mV   16%  on cell   (pin 1,177 mV, vdd 3,305 mV)
  12:24:35  t+ 129.9min  3,458 mV   13%  on cell   (pin 1,168 mV, vdd 3,304 mV)
  12:25:08  t+ 130.5min  3,470 mV   14%  on cell   (pin 1,172 mV, vdd 3,305 mV)
  12:25:40  t+ 131.0min  3,493 mV   17%  on cell   (pin 1,180 mV, vdd 3,300 mV)
  12:26:13  t+ 131.6min  3,484 mV   16%  on cell   (pin 1,177 mV, vdd 3,304 mV)
  12:26:45  t+ 132.1min  3,443 mV   11%  on cell   (pin 1,163 mV, vdd 3,302 mV)
  12:27:16  t+ 132.6min  3,473 mV   14%  on cell   (pin 1,173 mV, vdd 3,301 mV)
  12:27:49  t+ 133.2min  3,470 mV   14%  on cell   (pin 1,172 mV, vdd 3,304 mV)
  12:28:21  t+ 133.7min  3,443 mV   11%  on cell   (pin 1,163 mV, vdd 3,301 mV)
  12:28:54  t+ 134.3min  3,481 mV   15%  on cell   (pin 1,176 mV, vdd 3,311 mV)
  12:29:26  t+ 134.8min  3,461 mV   13%  on cell   (pin 1,169 mV, vdd 3,300 mV)
  12:29:58  t+ 135.3min  3,470 mV   14%  on cell   (pin 1,172 mV, vdd 3,304 mV)
  12:30:31  t+ 135.9min  3,478 mV   15%  on cell   (pin 1,175 mV, vdd 3,296 mV)
  12:31:03  t+ 136.4min  3,470 mV   14%  on cell   (pin 1,172 mV, vdd 3,301 mV)
  12:31:35  t+ 137.0min  3,470 mV   14%  on cell   (pin 1,172 mV, vdd 3,303 mV)
  12:32:07  t+ 137.5min  3,487 mV   16%  on cell   (pin 1,178 mV, vdd 3,299 mV)
  12:32:42  t+ 138.1min  3,437 mV   10%  on cell   (pin 1,161 mV, vdd 3,299 mV)
  12:33:14  t+ 138.6min  3,452 mV   12%  on cell   (pin 1,166 mV, vdd 3,304 mV)
  12:33:46  t+ 139.1min  3,496 mV   17%  on cell   (pin 1,181 mV, vdd 3,295 mV)
  12:34:18  t+ 139.7min  3,478 mV   15%  on cell   (pin 1,175 mV, vdd 3,302 mV)
  12:34:50  t+ 140.2min  3,431 mV   10%  on cell   (pin 1,159 mV, vdd 3,306 mV)
  12:35:22  t+ 140.7min  3,505 mV   18%  on cell   (pin 1,184 mV, vdd 3,300 mV)
  12:35:55  t+ 141.3min  3,478 mV   15%  on cell   (pin 1,175 mV, vdd 3,302 mV)
  12:36:28  t+ 141.8min  3,437 mV   10%  on cell   (pin 1,161 mV, vdd 3,301 mV)
  12:37:00  t+ 142.4min  3,425 mV   10%  on cell   (pin 1,157 mV, vdd 3,300 mV)
  12:37:31  t+ 142.9min  3,464 mV   13%  on cell   (pin 1,170 mV, vdd 3,299 mV)
  12:38:05  t+ 143.4min  3,434 mV   10%  on cell   (pin 1,160 mV, vdd 3,305 mV)
  12:38:40  t+ 144.0min  3,434 mV   10%  on cell   (pin 1,160 mV, vdd 3,302 mV)
  12:39:11  t+ 144.5min  3,514 mV   19%  on cell   (pin 1,187 mV, vdd 3,301 mV)
  12:39:43  t+ 145.1min  3,452 mV   12%  on cell   (pin 1,166 mV, vdd 3,302 mV)
  12:40:16  t+ 145.6min  3,458 mV   13%  on cell   (pin 1,168 mV, vdd 3,302 mV)
  12:40:48  t+ 146.2min  3,499 mV   17%  on cell   (pin 1,182 mV, vdd 3,311 mV)
  12:41:19  t+ 146.7min  3,458 mV   13%  on cell   (pin 1,168 mV, vdd 3,309 mV)
  12:41:52  t+ 147.2min  3,458 mV   13%  on cell   (pin 1,168 mV, vdd 3,303 mV)
  12:42:25  t+ 147.8min  3,470 mV   14%  on cell   (pin 1,172 mV, vdd 3,297 mV)
  12:42:57  t+ 148.3min  3,478 mV   15%  on cell   (pin 1,175 mV, vdd 3,302 mV)
  12:43:30  t+ 148.9min  3,473 mV   14%  on cell   (pin 1,173 mV, vdd 3,298 mV)
  12:44:02  t+ 149.4min  3,425 mV   10%  on cell   (pin 1,157 mV, vdd 3,295 mV)
  12:44:35  t+ 149.9min  3,493 mV   17%  on cell   (pin 1,180 mV, vdd 3,293 mV)
  12:45:08  t+ 150.5min  3,431 mV   10%  on cell   (pin 1,159 mV, vdd 3,293 mV)
  12:45:39  t+ 151.0min  3,467 mV   14%  on cell   (pin 1,171 mV, vdd 3,298 mV)
  12:46:11  t+ 151.6min  3,490 mV   16%  on cell   (pin 1,179 mV, vdd 3,298 mV)
  12:46:43  t+ 152.1min  3,440 mV   11%  on cell   (pin 1,162 mV, vdd 3,295 mV)
  12:47:20  t+ 152.7min  3,470 mV   14%  on cell   (pin 1,172 mV, vdd 3,304 mV)
  12:47:52  t+ 153.2min  3,455 mV   12%  on cell   (pin 1,167 mV, vdd 3,302 mV)
  12:48:24  t+ 153.8min  3,523 mV   20%  on cell   (pin 1,190 mV, vdd 3,302 mV)
  12:48:56  t+ 154.3min  3,467 mV   14%  on cell   (pin 1,171 mV, vdd 3,296 mV)
  12:49:27  t+ 154.8min  3,475 mV   15%  on cell   (pin 1,174 mV, vdd 3,301 mV)
  12:49:59  t+ 155.3min  3,452 mV   12%  on cell   (pin 1,166 mV, vdd 3,303 mV)
  12:50:30  t+ 155.9min  3,490 mV   16%  on cell   (pin 1,179 mV, vdd 3,304 mV)
  12:51:03  t+ 156.4min  3,458 mV   13%  on cell   (pin 1,168 mV, vdd 3,296 mV)
  12:51:34  t+ 156.9min  3,467 mV   14%  on cell   (pin 1,171 mV, vdd 3,297 mV)
  12:52:06  t+ 157.5min  3,443 mV   11%  on cell   (pin 1,163 mV, vdd 3,302 mV)
  12:52:38  t+ 158.0min  3,443 mV   11%  on cell   (pin 1,163 mV, vdd 3,304 mV)
  12:53:09  t+ 158.5min  3,484 mV   16%  on cell   (pin 1,177 mV, vdd 3,302 mV)
  12:53:41  t+ 159.1min  3,452 mV   12%  on cell   (pin 1,166 mV, vdd 3,295 mV)
  12:54:13  t+ 159.6min  3,437 mV   10%  on cell   (pin 1,161 mV, vdd 3,302 mV)
  12:54:46  t+ 160.1min  3,478 mV   15%  on cell   (pin 1,175 mV, vdd 3,302 mV)
  12:55:18  t+ 160.7min  3,499 mV   17%  on cell   (pin 1,182 mV, vdd 3,302 mV)
  12:55:50  t+ 161.2min  3,452 mV   12%  on cell   (pin 1,166 mV, vdd 3,296 mV)
  12:56:23  t+ 161.7min  3,484 mV   16%  on cell   (pin 1,177 mV, vdd 3,302 mV)
  12:56:55  t+ 162.3min  3,437 mV   10%  on cell   (pin 1,161 mV, vdd 3,302 mV)
  12:57:29  t+ 162.8min  3,484 mV   16%  on cell   (pin 1,177 mV, vdd 3,307 mV)
  12:58:01  t+ 163.4min  3,481 mV   15%  on cell   (pin 1,176 mV, vdd 3,295 mV)
  12:58:33  t+ 163.9min  3,425 mV   10%  on cell   (pin 1,157 mV, vdd 3,301 mV)
  12:59:04  t+ 164.4min  3,464 mV   13%  on cell   (pin 1,170 mV, vdd 3,297 mV)
  12:59:36  t+ 165.0min  3,464 mV   13%  on cell   (pin 1,170 mV, vdd 3,299 mV)
  13:00:07  t+ 165.5min  3,431 mV   10%  on cell   (pin 1,159 mV, vdd 3,291 mV)
  13:00:39  t+ 166.0min  3,455 mV   12%  on cell   (pin 1,167 mV, vdd 3,296 mV)
  13:01:10  t+ 166.5min  3,481 mV   15%  on cell   (pin 1,176 mV, vdd 3,306 mV)
  13:01:42  t+ 167.1min  3,437 mV   10%  on cell   (pin 1,161 mV, vdd 3,302 mV)
  13:02:17  t+ 167.6min  3,461 mV   13%  on cell   (pin 1,169 mV, vdd 3,296 mV)
  13:02:49  t+ 168.2min  3,467 mV   14%  on cell   (pin 1,171 mV, vdd 3,295 mV)
  13:03:20  t+ 168.7min  3,478 mV   15%  on cell   (pin 1,175 mV, vdd 3,289 mV)
  13:03:51  t+ 169.2min  3,490 mV   16%  on cell   (pin 1,179 mV, vdd 3,304 mV)
  13:04:23  t+ 169.7min  3,478 mV   15%  on cell   (pin 1,175 mV, vdd 3,297 mV)
  13:04:55  t+ 170.3min  3,437 mV   10%  on cell   (pin 1,161 mV, vdd 3,299 mV)
  13:05:28  t+ 170.8min  3,481 mV   15%  on cell   (pin 1,176 mV, vdd 3,302 mV)
  13:06:00  t+ 171.4min  3,478 mV   15%  on cell   (pin 1,175 mV, vdd 3,301 mV)
  13:06:31  t+ 171.9min  3,440 mV   11%  on cell   (pin 1,162 mV, vdd 3,301 mV)
  13:07:04  t+ 172.4min  3,458 mV   13%  on cell   (pin 1,168 mV, vdd 3,297 mV)
  13:07:37  t+ 173.0min  3,493 mV   17%  on cell   (pin 1,180 mV, vdd 3,298 mV)
  13:08:09  t+ 173.5min  3,484 mV   16%  on cell   (pin 1,177 mV, vdd 3,308 mV)
  13:08:40  t+ 174.0min  3,461 mV   13%  on cell   (pin 1,169 mV, vdd 3,306 mV)
  13:09:12  t+ 174.6min  3,437 mV   10%  on cell   (pin 1,161 mV, vdd 3,300 mV)
  13:09:44  t+ 175.1min  3,478 mV   15%  on cell   (pin 1,175 mV, vdd 3,300 mV)
  13:10:16  t+ 175.6min  3,458 mV   13%  on cell   (pin 1,168 mV, vdd 3,305 mV)
  13:10:48  t+ 176.2min  3,446 mV   11%  on cell   (pin 1,164 mV, vdd 3,301 mV)
  13:11:20  t+ 176.7min  3,446 mV   11%  on cell   (pin 1,164 mV, vdd 3,309 mV)
  13:11:52  t+ 177.2min  3,452 mV   12%  on cell   (pin 1,166 mV, vdd 3,302 mV)
  13:12:23  t+ 177.8min  3,473 mV   14%  on cell   (pin 1,173 mV, vdd 3,300 mV)
  13:12:56  t+ 178.3min  3,452 mV   12%  on cell   (pin 1,166 mV, vdd 3,302 mV)
  13:13:28  t+ 178.8min  3,461 mV   13%  on cell   (pin 1,169 mV, vdd 3,302 mV)
  13:14:03  t+ 179.4min  3,434 mV   10%  on cell   (pin 1,160 mV, vdd 3,296 mV)
  13:14:35  t+ 179.9min  3,458 mV   13%  on cell   (pin 1,168 mV, vdd 3,299 mV)
  13:15:06  t+ 180.5min  3,443 mV   11%  on cell   (pin 1,163 mV, vdd 3,302 mV)
  13:15:39  t+ 181.0min  3,416 mV    9%  on cell   (pin 1,154 mV, vdd 3,297 mV)
  13:16:11  t+ 181.6min  3,434 mV   10%  on cell   (pin 1,160 mV, vdd 3,302 mV)
  13:16:44  t+ 182.1min  3,446 mV   11%  on cell   (pin 1,164 mV, vdd 3,301 mV)
  13:17:15  t+ 182.6min  3,481 mV   15%  on cell   (pin 1,176 mV, vdd 3,296 mV)
  13:17:47  t+ 183.1min  3,458 mV   13%  on cell   (pin 1,168 mV, vdd 3,301 mV)
  13:18:18  t+ 183.7min  3,464 mV   13%  on cell   (pin 1,170 mV, vdd 3,304 mV)
  13:18:51  t+ 184.2min  3,419 mV   10%  on cell   (pin 1,155 mV, vdd 3,308 mV)
  13:19:25  t+ 184.8min  3,446 mV   11%  on cell   (pin 1,164 mV, vdd 3,304 mV)
  13:19:57  t+ 185.3min  3,452 mV   12%  on cell   (pin 1,166 mV, vdd 3,300 mV)
  13:20:30  t+ 185.9min  3,467 mV   14%  on cell   (pin 1,171 mV, vdd 3,308 mV)
  13:21:02  t+ 186.4min  3,461 mV   13%  on cell   (pin 1,169 mV, vdd 3,304 mV)
  13:21:34  t+ 186.9min  3,443 mV   11%  on cell   (pin 1,163 mV, vdd 3,300 mV)
  13:22:08  t+ 187.5min  3,493 mV   17%  on cell   (pin 1,180 mV, vdd 3,305 mV)
  13:22:40  t+ 188.0min  3,461 mV   13%  on cell   (pin 1,169 mV, vdd 3,303 mV)
  13:23:13  t+ 188.6min  3,455 mV   12%  on cell   (pin 1,167 mV, vdd 3,309 mV)
