  reported      92%   (battery service)
  charger       not charging   (P0.17 ~CHG)
  computed      4,000 mV -> 92%
  at the pin    1,351 mV   (1,538 raw counts)
  divider off   3,999 raw counts
  control       3,296 mV for the 3.3V rail   (ADC is sound)
  divider       P0.14 LOW - enabled
  errors        none

  >> the gauge is reading the cell

  sampling every 5 min for 480 min

  00:35:14  t+   0.0min  4,020 mV   95%  on cell   (pin 1,358 mV, vdd 3,302 mV)
  00:40:16  t+   5.1min  3,997 mV   92%  on cell   (pin 1,350 mV, vdd 3,296 mV)
  00:45:20  t+  10.1min  3,997 mV   92%  on cell   (pin 1,350 mV, vdd 3,296 mV)
  00:50:21  t+  15.1min  3,961 mV   88%  on cell   (pin 1,338 mV, vdd 3,304 mV)
  00:55:24  t+  20.2min  3,991 mV   91%  on cell   (pin 1,348 mV, vdd 3,306 mV)
  01:00:26  t+  25.2min  3,997 mV   92%  on cell   (pin 1,350 mV, vdd 3,300 mV)
  01:05:33  t+  30.3min  3,958 mV   88%  on cell   (pin 1,337 mV, vdd 3,306 mV)
  01:10:35  t+  35.4min  3,997 mV   92%  on cell   (pin 1,350 mV, vdd 3,304 mV)
  01:15:36  t+  40.4min  3,943 mV   86%  on cell   (pin 1,332 mV, vdd 3,304 mV)
  01:20:58  t+  45.8min  3,985 mV   91%  on cell   (pin 1,346 mV, vdd 3,304 mV)
  01:26:03  t+  50.8min  4,029 mV   95%  on cell   (pin 1,361 mV, vdd 3,300 mV)
  01:31:05  t+  55.9min  3,940 mV   86%  on cell   (pin 1,331 mV, vdd 3,302 mV)
  01:36:06  t+  60.9min  3,976 mV   90%  on cell   (pin 1,343 mV, vdd 3,303 mV)
  01:41:09  t+  65.9min  3,949 mV   87%  on cell   (pin 1,334 mV, vdd 3,296 mV)
  01:46:14  t+  71.0min  3,967 mV   89%  on cell   (pin 1,340 mV, vdd 3,300 mV)
  01:51:18  t+  76.1min  3,988 mV   91%  on cell   (pin 1,347 mV, vdd 3,296 mV)
  01:56:19  t+  81.1min  3,973 mV   89%  on cell   (pin 1,342 mV, vdd 3,303 mV)
  02:01:22  t+  86.1min  3,964 mV   88%  on cell   (pin 1,339 mV, vdd 3,308 mV)
  02:06:24  t+  91.2min  3,931 mV   85%  on cell   (pin 1,328 mV, vdd 3,298 mV)
  02:11:26  t+  96.2min  3,979 mV   90%  on cell   (pin 1,344 mV, vdd 3,306 mV)
  02:16:27  t+ 101.2min  3,982 mV   90%  on cell   (pin 1,345 mV, vdd 3,296 mV)
  02:21:29  t+ 106.3min  3,973 mV   89%  on cell   (pin 1,342 mV, vdd 3,303 mV)
  02:26:31  t+ 111.3min  3,961 mV   88%  on cell   (pin 1,338 mV, vdd 3,300 mV)
  02:31:33  t+ 116.3min  3,928 mV   84%  on cell   (pin 1,327 mV, vdd 3,304 mV)
  02:36:34  t+ 121.4min  3,926 mV   84%  on cell   (pin 1,326 mV, vdd 3,309 mV)
  02:41:38  t+ 126.4min  3,926 mV   84%  on cell   (pin 1,326 mV, vdd 3,293 mV)
  02:46:40  t+ 131.4min  3,934 mV   85%  on cell   (pin 1,329 mV, vdd 3,302 mV)
  02:51:42  t+ 136.5min  3,961 mV   88%  on cell   (pin 1,338 mV, vdd 3,303 mV)
  02:56:44  t+ 141.5min  3,976 mV   90%  on cell   (pin 1,343 mV, vdd 3,304 mV)
  03:01:47  t+ 146.6min  3,955 mV   87%  on cell   (pin 1,336 mV, vdd 3,296 mV)
  03:06:48  t+ 151.6min  3,958 mV   88%  on cell   (pin 1,337 mV, vdd 3,295 mV)
  03:11:51  t+ 156.6min  3,911 mV   82%  on cell   (pin 1,321 mV, vdd 3,302 mV)
  03:16:53  t+ 161.7min  3,952 mV   87%  on cell   (pin 1,335 mV, vdd 3,311 mV)
  03:21:55  t+ 166.7min  3,923 mV   84%  on cell   (pin 1,325 mV, vdd 3,300 mV)
  03:26:57  t+ 171.7min  3,934 mV   85%  on cell   (pin 1,329 mV, vdd 3,302 mV)
  03:31:58  t+ 176.8min  3,928 mV   84%  on cell   (pin 1,327 mV, vdd 3,303 mV)
  03:37:00  t+ 181.8min  3,949 mV   87%  on cell   (pin 1,334 mV, vdd 3,295 mV)
  03:42:02  t+ 186.8min  3,917 mV   83%  on cell   (pin 1,323 mV, vdd 3,301 mV)
  03:47:03  t+ 191.8min  3,946 mV   86%  on cell   (pin 1,333 mV, vdd 3,302 mV)
  03:52:05  t+ 196.9min  3,926 mV   84%  on cell   (pin 1,326 mV, vdd 3,300 mV)
  03:57:08  t+ 201.9min  3,890 mV   80%  on cell   (pin 1,314 mV, vdd 3,305 mV)
  04:02:11  t+ 207.0min  3,902 mV   81%  on cell   (pin 1,318 mV, vdd 3,300 mV)
  04:07:13  t+ 212.0min  3,902 mV   81%  on cell   (pin 1,318 mV, vdd 3,301 mV)
  04:12:15  t+ 217.0min  3,923 mV   84%  on cell   (pin 1,325 mV, vdd 3,302 mV)
  04:17:17  t+ 222.1min  3,952 mV   87%  on cell   (pin 1,335 mV, vdd 3,311 mV)
  04:22:19  t+ 227.1min  3,934 mV   85%  on cell   (pin 1,329 mV, vdd 3,303 mV)
  04:27:22  t+ 232.1min  3,890 mV   80%  on cell   (pin 1,314 mV, vdd 3,300 mV)
  04:32:23  t+ 237.2min  3,943 mV   86%  on cell   (pin 1,332 mV, vdd 3,303 mV)
  04:37:26  t+ 242.2min  3,905 mV   82%  on cell   (pin 1,319 mV, vdd 3,298 mV)
  04:42:27  t+ 247.2min  3,872 mV   76%  on cell   (pin 1,308 mV, vdd 3,303 mV)
  04:47:30  t+ 252.3min  3,869 mV   75%  on cell   (pin 1,307 mV, vdd 3,301 mV)
  04:52:32  t+ 257.3min  3,893 mV   80%  on cell   (pin 1,315 mV, vdd 3,303 mV)
  04:57:33  t+ 262.3min  3,890 mV   80%  on cell   (pin 1,314 mV, vdd 3,300 mV)
  05:02:36  t+ 267.4min  3,928 mV   84%  on cell   (pin 1,327 mV, vdd 3,299 mV)
  05:07:38  t+ 272.4min  3,887 mV   79%  on cell   (pin 1,313 mV, vdd 3,305 mV)
  05:12:40  t+ 277.4min  3,908 mV   82%  on cell   (pin 1,320 mV, vdd 3,296 mV)
  05:17:43  t+ 282.5min  3,878 mV   77%  on cell   (pin 1,310 mV, vdd 3,302 mV)
  05:22:44  t+ 287.5min  3,866 mV   75%  on cell   (pin 1,306 mV, vdd 3,304 mV)
  05:27:47  t+ 292.6min  3,875 mV   77%  on cell   (pin 1,309 mV, vdd 3,302 mV)
  05:32:48  t+ 297.6min  3,881 mV   78%  on cell   (pin 1,311 mV, vdd 3,308 mV)
  05:37:50  t+ 302.6min  3,866 mV   75%  on cell   (pin 1,306 mV, vdd 3,299 mV)
  05:42:52  t+ 307.6min  3,884 mV   79%  on cell   (pin 1,312 mV, vdd 3,301 mV)
  05:47:54  t+ 312.7min  3,854 mV   72%  on cell   (pin 1,302 mV, vdd 3,306 mV)
  05:52:56  t+ 317.7min  3,884 mV   79%  on cell   (pin 1,312 mV, vdd 3,296 mV)
  05:58:00  t+ 322.8min  3,884 mV   79%  on cell   (pin 1,312 mV, vdd 3,302 mV)
  06:03:02  t+ 327.8min  3,866 mV   75%  on cell   (pin 1,306 mV, vdd 3,306 mV)
  06:08:07  t+ 332.9min  3,846 mV   70%  on cell   (pin 1,299 mV, vdd 3,300 mV)
  06:13:10  t+ 338.0min  3,860 mV   73%  on cell   (pin 1,304 mV, vdd 3,301 mV)
  06:18:13  t+ 343.0min  3,831 mV   67%  on cell   (pin 1,294 mV, vdd 3,302 mV)
  06:23:16  t+ 348.0min  3,863 mV   74%  on cell   (pin 1,305 mV, vdd 3,300 mV)
  06:28:17  t+ 353.1min  3,887 mV   79%  on cell   (pin 1,313 mV, vdd 3,306 mV)
  06:33:19  t+ 358.1min  3,840 mV   69%  on cell   (pin 1,297 mV, vdd 3,305 mV)
  06:38:20  t+ 363.1min  3,872 mV   76%  on cell   (pin 1,308 mV, vdd 3,305 mV)
  06:43:23  t+ 368.2min  3,828 mV   66%  on cell   (pin 1,293 mV, vdd 3,303 mV)
  06:48:24  t+ 373.2min  3,887 mV   79%  on cell   (pin 1,313 mV, vdd 3,302 mV)
  06:53:26  t+ 378.2min  3,866 mV   75%  on cell   (pin 1,306 mV, vdd 3,304 mV)
  06:58:32  t+ 383.3min  3,872 mV   76%  on cell   (pin 1,308 mV, vdd 3,309 mV)
  07:03:33  t+ 388.3min  3,854 mV   72%  on cell   (pin 1,302 mV, vdd 3,308 mV)
  07:08:35  t+ 393.4min  3,840 mV   69%  on cell   (pin 1,297 mV, vdd 3,306 mV)
  07:13:37  t+ 398.4min  3,857 mV   73%  on cell   (pin 1,303 mV, vdd 3,309 mV)
  07:18:39  t+ 403.4min  3,854 mV   72%  on cell   (pin 1,302 mV, vdd 3,301 mV)
  07:23:41  t+ 408.5min  3,860 mV   73%  on cell   (pin 1,304 mV, vdd 3,306 mV)
  07:28:45  t+ 413.5min  3,846 mV   70%  on cell   (pin 1,299 mV, vdd 3,300 mV)
  07:33:46  t+ 418.6min  3,816 mV   64%  on cell   (pin 1,289 mV, vdd 3,304 mV)
  07:38:48  t+ 423.6min  3,849 mV   71%  on cell   (pin 1,300 mV, vdd 3,299 mV)
  07:43:50  t+ 428.6min  3,816 mV   64%  on cell   (pin 1,289 mV, vdd 3,304 mV)
  07:48:52  t+ 433.7min  3,840 mV   69%  on cell   (pin 1,297 mV, vdd 3,303 mV)
  07:53:54  t+ 438.7min  3,822 mV   65%  on cell   (pin 1,291 mV, vdd 3,302 mV)
  07:58:57  t+ 443.7min  3,822 mV   65%  on cell   (pin 1,291 mV, vdd 3,304 mV)
  08:03:59  t+ 448.8min  3,822 mV   65%  on cell   (pin 1,291 mV, vdd 3,303 mV)
  08:09:01  t+ 453.8min  3,828 mV   66%  on cell   (pin 1,293 mV, vdd 3,309 mV)
  08:14:03  t+ 458.8min  3,828 mV   66%  on cell   (pin 1,293 mV, vdd 3,298 mV)
  08:19:05  t+ 463.9min  3,819 mV   64%  on cell   (pin 1,290 mV, vdd 3,305 mV)
  08:24:07  t+ 468.9min  3,807 mV   62%  on cell   (pin 1,286 mV, vdd 3,297 mV)
  08:29:11  t+ 474.0min  3,822 mV   65%  on cell   (pin 1,291 mV, vdd 3,302 mV)
  08:34:13  t+ 479.0min  3,813 mV   63%  on cell   (pin 1,288 mV, vdd 3,300 mV)

  96 samples over 8.0 h: 4,020 -> 3,813 mV (range 3,807-4,029)
  net +207 mV, +26 mV/h
