  reported      58%   (battery service)
  charger       not charging   (P0.17 ~CHG)
  computed      3,789 mV -> 58%
  at the pin    1,280 mV   (1,457 raw counts)
  divider off   3,956 raw counts
  control       3,301 mV for the 3.3V rail   (ADC is sound)
  divider       P0.14 LOW - enabled
  errors        none

  >> the gauge is reading the cell

  sampling every 5 min for 1440 min, every 1 min below 3,600 mV

  09:59:40  t+   0.0min  3,795 mV   59%  on cell   (pin 1,282 mV, vdd 3,300 mV)
  10:04:41  t+   5.1min  3,834 mV   68%  on cell   (pin 1,295 mV, vdd 3,306 mV)
  10:09:43  t+  10.1min  3,789 mV   58%  on cell   (pin 1,280 mV, vdd 3,304 mV)
  10:14:45  t+  15.1min  3,780 mV   56%  on cell   (pin 1,277 mV, vdd 3,304 mV)
  10:19:47  t+  20.2min  3,819 mV   64%  on cell   (pin 1,290 mV, vdd 3,304 mV)
  10:24:52  t+  25.2min  3,780 mV   56%  on cell   (pin 1,277 mV, vdd 3,302 mV)
  10:29:53  t+  30.3min  3,780 mV   56%  on cell   (pin 1,277 mV, vdd 3,306 mV)
  10:34:55  t+  35.3min  3,777 mV   55%  on cell   (pin 1,276 mV, vdd 3,304 mV)
  10:39:58  t+  40.4min  3,742 mV   49%  on cell   (pin 1,264 mV, vdd 3,302 mV)
  10:45:00  t+  45.4min  3,783 mV   56%  on cell   (pin 1,278 mV, vdd 3,308 mV)
  10:50:01  t+  50.4min  3,733 mV   48%  on cell   (pin 1,261 mV, vdd 3,296 mV)
  10:55:04  t+  55.5min  3,736 mV   48%  on cell   (pin 1,262 mV, vdd 3,301 mV)
  11:00:06  t+  60.5min  3,751 mV   50%  on cell   (pin 1,267 mV, vdd 3,302 mV)
  11:05:09  t+  65.5min  3,739 mV   49%  on cell   (pin 1,263 mV, vdd 3,303 mV)
  11:10:12  t+  70.6min  3,745 mV   49%  on cell   (pin 1,265 mV, vdd 3,302 mV)
  11:15:14  t+  75.6min  3,739 mV   49%  on cell   (pin 1,263 mV, vdd 3,307 mV)
  11:20:16  t+  80.6min  3,754 mV   50%  on cell   (pin 1,268 mV, vdd 3,298 mV)
  11:25:18  t+  85.7min  3,801 mV   60%  on cell   (pin 1,284 mV, vdd 3,303 mV)
  11:30:22  t+  90.8min  3,780 mV   56%  on cell   (pin 1,277 mV, vdd 3,295 mV)
  11:35:23  t+  95.8min  3,766 mV   53%  on cell   (pin 1,272 mV, vdd 3,305 mV)
  11:40:31  t+ 100.9min  3,751 mV   50%  on cell   (pin 1,267 mV, vdd 3,298 mV)
  11:45:32  t+ 105.9min  3,760 mV   51%  on cell   (pin 1,270 mV, vdd 3,306 mV)
  11:50:35  t+ 111.0min  3,736 mV   48%  on cell   (pin 1,262 mV, vdd 3,299 mV)
  11:55:37  t+ 116.0min  3,715 mV   46%  on cell   (pin 1,255 mV, vdd 3,303 mV)
  12:00:39  t+ 121.0min  3,739 mV   49%  on cell   (pin 1,263 mV, vdd 3,293 mV)
  12:05:40  t+ 126.1min  3,766 mV   53%  on cell   (pin 1,272 mV, vdd 3,299 mV)
  12:10:42  t+ 131.1min  3,754 mV   50%  on cell   (pin 1,268 mV, vdd 3,303 mV)
  12:15:45  t+ 136.1min  3,754 mV   50%  on cell   (pin 1,268 mV, vdd 3,304 mV)
  12:20:48  t+ 141.2min  3,733 mV   48%  on cell   (pin 1,261 mV, vdd 3,305 mV)
  12:25:52  t+ 146.3min  3,745 mV   49%  on cell   (pin 1,265 mV, vdd 3,302 mV)
  12:30:54  t+ 151.3min  3,736 mV   48%  on cell   (pin 1,262 mV, vdd 3,302 mV)
  12:35:57  t+ 156.3min  3,766 mV   53%  on cell   (pin 1,272 mV, vdd 3,302 mV)
  12:41:01  t+ 161.4min  3,715 mV   46%  on cell   (pin 1,255 mV, vdd 3,306 mV)
  12:46:04  t+ 166.4min  3,742 mV   49%  on cell   (pin 1,264 mV, vdd 3,304 mV)
  12:51:07  t+ 171.5min  3,760 mV   51%  on cell   (pin 1,270 mV, vdd 3,302 mV)
  12:56:09  t+ 176.5min  3,751 mV   50%  on cell   (pin 1,267 mV, vdd 3,298 mV)
  13:01:12  t+ 181.6min  3,736 mV   48%  on cell   (pin 1,262 mV, vdd 3,304 mV)
  13:06:14  t+ 186.6min  3,760 mV   51%  on cell   (pin 1,270 mV, vdd 3,303 mV)
  13:11:16  t+ 191.7min  3,727 mV   47%  on cell   (pin 1,259 mV, vdd 3,298 mV)
  13:16:18  t+ 196.7min  3,745 mV   49%  on cell   (pin 1,265 mV, vdd 3,303 mV)
  13:21:22  t+ 201.8min  3,745 mV   49%  on cell   (pin 1,265 mV, vdd 3,310 mV)
  13:26:24  t+ 206.8min  3,718 mV   46%  on cell   (pin 1,256 mV, vdd 3,296 mV)
  13:31:26  t+ 211.8min  3,736 mV   48%  on cell   (pin 1,262 mV, vdd 3,301 mV)
  13:36:27  t+ 216.8min  3,715 mV   46%  on cell   (pin 1,255 mV, vdd 3,294 mV)
  13:41:29  t+ 221.9min  3,721 mV   47%  on cell   (pin 1,257 mV, vdd 3,308 mV)
  13:46:31  t+ 226.9min  3,703 mV   45%  on cell   (pin 1,251 mV, vdd 3,302 mV)
  13:51:34  t+ 232.0min  3,715 mV   46%  on cell   (pin 1,255 mV, vdd 3,300 mV)
  13:56:36  t+ 237.0min  3,698 mV   44%  on cell   (pin 1,249 mV, vdd 3,296 mV)
  14:01:38  t+ 242.0min  3,677 mV   42%  on cell   (pin 1,242 mV, vdd 3,306 mV)
  14:06:42  t+ 247.1min  3,695 mV   44%  on cell   (pin 1,248 mV, vdd 3,304 mV)
  14:11:44  t+ 252.1min  3,721 mV   47%  on cell   (pin 1,257 mV, vdd 3,311 mV)
  14:16:47  t+ 257.2min  3,700 mV   44%  on cell   (pin 1,250 mV, vdd 3,302 mV)
  14:21:48  t+ 262.2min  3,715 mV   46%  on cell   (pin 1,255 mV, vdd 3,298 mV)
  14:26:50  t+ 267.2min  3,712 mV   46%  on cell   (pin 1,254 mV, vdd 3,296 mV)
  14:31:51  t+ 272.2min  3,700 mV   44%  on cell   (pin 1,250 mV, vdd 3,298 mV)
  14:36:54  t+ 277.3min  3,662 mV   40%  on cell   (pin 1,237 mV, vdd 3,302 mV)
  14:41:57  t+ 282.3min  3,677 mV   42%  on cell   (pin 1,242 mV, vdd 3,298 mV)
  14:46:59  t+ 287.4min  3,736 mV   48%  on cell   (pin 1,262 mV, vdd 3,302 mV)
  14:52:02  t+ 292.4min  3,665 mV   40%  on cell   (pin 1,238 mV, vdd 3,304 mV)
  14:57:04  t+ 297.5min  3,700 mV   44%  on cell   (pin 1,250 mV, vdd 3,300 mV)
  15:02:06  t+ 302.5min  3,671 mV   41%  on cell   (pin 1,240 mV, vdd 3,301 mV)
  15:07:12  t+ 307.6min  3,659 mV   39%  on cell   (pin 1,236 mV, vdd 3,303 mV)
  15:12:13  t+ 312.6min  3,703 mV   45%  on cell   (pin 1,251 mV, vdd 3,300 mV)
  15:17:15  t+ 317.6min  3,677 mV   42%  on cell   (pin 1,242 mV, vdd 3,304 mV)
  15:22:17  t+ 322.7min  3,730 mV   48%  on cell   (pin 1,260 mV, vdd 3,301 mV)
  15:27:20  t+ 327.7min  3,718 mV   46%  on cell   (pin 1,256 mV, vdd 3,293 mV)
  15:32:24  t+ 332.8min  3,689 mV   43%  on cell   (pin 1,246 mV, vdd 3,311 mV)
  15:37:27  t+ 337.8min  3,662 mV   40%  on cell   (pin 1,237 mV, vdd 3,302 mV)
  15:42:33  t+ 342.9min  3,683 mV   42%  on cell   (pin 1,244 mV, vdd 3,301 mV)
  15:47:35  t+ 348.0min  3,638 mV   35%  on cell   (pin 1,229 mV, vdd 3,303 mV)
  15:52:38  t+ 353.0min  3,695 mV   44%  on cell   (pin 1,248 mV, vdd 3,305 mV)
  15:57:40  t+ 358.1min  3,665 mV   40%  on cell   (pin 1,238 mV, vdd 3,301 mV)
  16:02:43  t+ 363.1min  3,665 mV   40%  on cell   (pin 1,238 mV, vdd 3,300 mV)
  16:07:46  t+ 368.2min  3,686 mV   43%  on cell   (pin 1,245 mV, vdd 3,302 mV)
  16:12:49  t+ 373.2min  3,695 mV   44%  on cell   (pin 1,248 mV, vdd 3,298 mV)
  16:17:51  t+ 378.2min  3,677 mV   42%  on cell   (pin 1,242 mV, vdd 3,303 mV)
  16:22:52  t+ 383.3min  3,656 mV   39%  on cell   (pin 1,235 mV, vdd 3,302 mV)
  16:27:53  t+ 388.3min  3,695 mV   44%  on cell   (pin 1,248 mV, vdd 3,295 mV)
  16:32:55  t+ 393.3min  3,709 mV   45%  on cell   (pin 1,253 mV, vdd 3,296 mV)
  16:37:57  t+ 398.3min  3,668 mV   41%  on cell   (pin 1,239 mV, vdd 3,304 mV)
  16:42:59  t+ 403.4min  3,638 mV   35%  on cell   (pin 1,229 mV, vdd 3,295 mV)
  16:48:00  t+ 408.4min  3,689 mV   43%  on cell   (pin 1,246 mV, vdd 3,304 mV)
  16:53:03  t+ 413.4min  3,668 mV   41%  on cell   (pin 1,239 mV, vdd 3,304 mV)
  16:58:05  t+ 418.5min  3,650 mV   37%  on cell   (pin 1,233 mV, vdd 3,299 mV)
  17:03:08  t+ 423.5min  3,626 mV   32%  on cell   (pin 1,225 mV, vdd 3,297 mV)
  17:08:10  t+ 428.6min  3,674 mV   41%  on cell   (pin 1,241 mV, vdd 3,301 mV)
  17:13:14  t+ 433.6min  3,671 mV   41%  on cell   (pin 1,240 mV, vdd 3,302 mV)
  17:18:16  t+ 438.7min  3,662 mV   40%  on cell   (pin 1,237 mV, vdd 3,308 mV)
  17:23:18  t+ 443.7min  3,674 mV   41%  on cell   (pin 1,241 mV, vdd 3,298 mV)
  17:28:20  t+ 448.7min  3,641 mV   35%  on cell   (pin 1,230 mV, vdd 3,302 mV)
  17:33:23  t+ 453.8min  3,674 mV   41%  on cell   (pin 1,241 mV, vdd 3,296 mV)
  17:38:25  t+ 458.8min  3,695 mV   44%  on cell   (pin 1,248 mV, vdd 3,305 mV)
  17:43:28  t+ 463.9min  3,674 mV   41%  on cell   (pin 1,241 mV, vdd 3,306 mV)
  17:48:30  t+ 468.9min  3,629 mV   33%  on cell   (pin 1,226 mV, vdd 3,297 mV)
  17:53:33  t+ 473.9min  3,680 mV   42%  on cell   (pin 1,243 mV, vdd 3,305 mV)
  17:58:35  t+ 479.0min  3,644 mV   36%  on cell   (pin 1,231 mV, vdd 3,303 mV)
  18:03:38  t+ 484.0min  3,659 mV   39%  on cell   (pin 1,236 mV, vdd 3,305 mV)
  18:08:40  t+ 489.1min  3,668 mV   41%  on cell   (pin 1,239 mV, vdd 3,301 mV)
  18:13:43  t+ 494.1min  3,653 mV   38%  on cell   (pin 1,234 mV, vdd 3,303 mV)
  18:18:44  t+ 499.1min  3,624 mV   32%  on cell   (pin 1,224 mV, vdd 3,313 mV)
  18:23:46  t+ 504.2min  3,659 mV   39%  on cell   (pin 1,236 mV, vdd 3,298 mV)
  18:28:50  t+ 509.2min  3,677 mV   42%  on cell   (pin 1,242 mV, vdd 3,299 mV)
  18:33:52  t+ 514.3min  3,641 mV   35%  on cell   (pin 1,230 mV, vdd 3,299 mV)
  18:38:55  t+ 519.3min  3,644 mV   36%  on cell   (pin 1,231 mV, vdd 3,300 mV)
  18:43:58  t+ 524.3min  3,629 mV   33%  on cell   (pin 1,226 mV, vdd 3,304 mV)
  18:49:00  t+ 529.4min  3,656 mV   39%  on cell   (pin 1,235 mV, vdd 3,289 mV)
  18:54:01  t+ 534.4min  3,615 mV   30%  on cell   (pin 1,221 mV, vdd 3,298 mV)
  18:59:04  t+ 539.4min  3,600 mV   28%  on cell   (pin 1,216 mV, vdd 3,304 mV)
  19:04:07  t+ 544.5min  3,653 mV   38%  on cell   (pin 1,234 mV, vdd 3,296 mV)
  19:09:09  t+ 549.5min  3,597 mV   28%  on cell   (pin 1,215 mV, vdd 3,304 mV)
  -- under 3,600 mV, tightening to 1 min
  19:10:11  t+ 550.6min  3,629 mV   33%  on cell   (pin 1,226 mV, vdd 3,299 mV)
  19:11:14  t+ 551.6min  3,609 mV   29%  on cell   (pin 1,219 mV, vdd 3,311 mV)
  19:12:16  t+ 552.7min  3,635 mV   34%  on cell   (pin 1,228 mV, vdd 3,308 mV)
  19:13:18  t+ 553.7min  3,635 mV   34%  on cell   (pin 1,228 mV, vdd 3,298 mV)
  19:14:21  t+ 554.7min  3,650 mV   37%  on cell   (pin 1,233 mV, vdd 3,299 mV)
  19:15:23  t+ 555.8min  3,692 mV   43%  on cell   (pin 1,247 mV, vdd 3,305 mV)
  19:16:24  t+ 556.8min  3,653 mV   38%  on cell   (pin 1,234 mV, vdd 3,296 mV)
  19:17:27  t+ 557.8min  3,635 mV   34%  on cell   (pin 1,228 mV, vdd 3,304 mV)
  19:18:28  t+ 558.9min  3,632 mV   33%  on cell   (pin 1,227 mV, vdd 3,304 mV)
  19:19:33  t+ 559.9min  3,629 mV   33%  on cell   (pin 1,226 mV, vdd 3,295 mV)
  19:20:34  t+ 561.0min  3,650 mV   37%  on cell   (pin 1,233 mV, vdd 3,303 mV)
  19:21:36  t+ 562.0min  3,644 mV   36%  on cell   (pin 1,231 mV, vdd 3,296 mV)
  19:22:38  t+ 563.0min  3,594 mV   28%  on cell   (pin 1,214 mV, vdd 3,309 mV)
  19:23:40  t+ 564.0min  3,629 mV   33%  on cell   (pin 1,226 mV, vdd 3,305 mV)
  19:24:43  t+ 565.1min  3,644 mV   36%  on cell   (pin 1,231 mV, vdd 3,303 mV)
  19:25:48  t+ 566.2min  3,638 mV   35%  on cell   (pin 1,229 mV, vdd 3,309 mV)
  19:26:52  t+ 567.3min  3,638 mV   35%  on cell   (pin 1,229 mV, vdd 3,304 mV)
  19:27:54  t+ 568.3min  3,656 mV   39%  on cell   (pin 1,235 mV, vdd 3,307 mV)
  19:28:57  t+ 569.3min  3,644 mV   36%  on cell   (pin 1,231 mV, vdd 3,300 mV)
  19:30:00  t+ 570.4min  3,650 mV   37%  on cell   (pin 1,233 mV, vdd 3,298 mV)
  19:31:02  t+ 571.4min  3,618 mV   30%  on cell   (pin 1,222 mV, vdd 3,305 mV)
  19:32:05  t+ 572.5min  3,635 mV   34%  on cell   (pin 1,228 mV, vdd 3,302 mV)
  19:33:07  t+ 573.5min  3,621 mV   31%  on cell   (pin 1,223 mV, vdd 3,301 mV)
  19:34:09  t+ 574.5min  3,641 mV   35%  on cell   (pin 1,230 mV, vdd 3,305 mV)
  19:35:10  t+ 575.6min  3,644 mV   36%  on cell   (pin 1,231 mV, vdd 3,295 mV)
  19:36:13  t+ 576.6min  3,644 mV   36%  on cell   (pin 1,231 mV, vdd 3,302 mV)
  19:37:14  t+ 577.6min  3,609 mV   29%  on cell   (pin 1,219 mV, vdd 3,298 mV)
  19:38:16  t+ 578.7min  3,612 mV   30%  on cell   (pin 1,220 mV, vdd 3,301 mV)
  19:39:18  t+ 579.7min  3,635 mV   34%  on cell   (pin 1,228 mV, vdd 3,304 mV)
  19:40:20  t+ 580.7min  3,624 mV   32%  on cell   (pin 1,224 mV, vdd 3,302 mV)
  19:41:23  t+ 581.8min  3,635 mV   34%  on cell   (pin 1,228 mV, vdd 3,296 mV)
  19:42:26  t+ 582.8min  3,612 mV   30%  on cell   (pin 1,220 mV, vdd 3,296 mV)
  19:43:29  t+ 583.9min  3,629 mV   33%  on cell   (pin 1,226 mV, vdd 3,303 mV)
  19:44:30  t+ 584.9min  3,624 mV   32%  on cell   (pin 1,224 mV, vdd 3,307 mV)
  19:45:32  t+ 585.9min  3,618 mV   30%  on cell   (pin 1,222 mV, vdd 3,309 mV)
  19:46:34  t+ 587.0min  3,618 mV   30%  on cell   (pin 1,222 mV, vdd 3,304 mV)
  19:47:36  t+ 588.0min  3,638 mV   35%  on cell   (pin 1,229 mV, vdd 3,306 mV)
  19:48:41  t+ 589.1min  3,632 mV   33%  on cell   (pin 1,227 mV, vdd 3,302 mV)
  19:49:43  t+ 590.1min  3,629 mV   33%  on cell   (pin 1,226 mV, vdd 3,306 mV)
  19:50:45  t+ 591.1min  3,650 mV   37%  on cell   (pin 1,233 mV, vdd 3,303 mV)
  19:51:46  t+ 592.2min  3,612 mV   30%  on cell   (pin 1,220 mV, vdd 3,309 mV)
  19:52:48  t+ 593.2min  3,615 mV   30%  on cell   (pin 1,221 mV, vdd 3,302 mV)
  19:53:51  t+ 594.2min  3,635 mV   34%  on cell   (pin 1,228 mV, vdd 3,308 mV)
  19:54:52  t+ 595.3min  3,612 mV   30%  on cell   (pin 1,220 mV, vdd 3,302 mV)
  19:55:54  t+ 596.3min  3,626 mV   32%  on cell   (pin 1,225 mV, vdd 3,303 mV)
  19:56:56  t+ 597.3min  3,632 mV   33%  on cell   (pin 1,227 mV, vdd 3,301 mV)
  19:57:57  t+ 598.3min  3,671 mV   41%  on cell   (pin 1,240 mV, vdd 3,300 mV)
  19:58:59  t+ 599.4min  3,638 mV   35%  on cell   (pin 1,229 mV, vdd 3,300 mV)
  20:00:02  t+ 600.4min  3,597 mV   28%  on cell   (pin 1,215 mV, vdd 3,302 mV)
  20:01:04  t+ 601.5min  3,626 mV   32%  on cell   (pin 1,225 mV, vdd 3,303 mV)
  20:02:06  t+ 602.5min  3,656 mV   39%  on cell   (pin 1,235 mV, vdd 3,302 mV)
  20:03:09  t+ 603.5min  3,591 mV   27%  on cell   (pin 1,213 mV, vdd 3,302 mV)
  20:04:11  t+ 604.6min  3,650 mV   37%  on cell   (pin 1,233 mV, vdd 3,312 mV)
  20:05:13  t+ 605.6min  3,665 mV   40%  on cell   (pin 1,238 mV, vdd 3,298 mV)
  20:06:15  t+ 606.6min  3,629 mV   33%  on cell   (pin 1,226 mV, vdd 3,308 mV)
  20:07:17  t+ 607.7min  3,662 mV   40%  on cell   (pin 1,237 mV, vdd 3,300 mV)
  20:08:20  t+ 608.7min  3,624 mV   32%  on cell   (pin 1,224 mV, vdd 3,298 mV)
  20:09:23  t+ 609.8min  3,650 mV   37%  on cell   (pin 1,233 mV, vdd 3,302 mV)
  20:10:25  t+ 610.8min  3,650 mV   37%  on cell   (pin 1,233 mV, vdd 3,301 mV)
  20:11:28  t+ 611.9min  3,629 mV   33%  on cell   (pin 1,226 mV, vdd 3,295 mV)
  20:12:31  t+ 612.9min  3,621 mV   31%  on cell   (pin 1,223 mV, vdd 3,309 mV)
  20:13:33  t+ 613.9min  3,624 mV   32%  on cell   (pin 1,224 mV, vdd 3,298 mV)
  20:14:37  t+ 615.0min  3,650 mV   37%  on cell   (pin 1,233 mV, vdd 3,305 mV)
  20:15:39  t+ 616.0min  3,606 mV   29%  on cell   (pin 1,218 mV, vdd 3,303 mV)
  20:16:41  t+ 617.1min  3,594 mV   28%  on cell   (pin 1,214 mV, vdd 3,306 mV)
  20:17:43  t+ 618.1min  3,629 mV   33%  on cell   (pin 1,226 mV, vdd 3,300 mV)
  20:18:46  t+ 619.1min  3,659 mV   39%  on cell   (pin 1,236 mV, vdd 3,305 mV)
  20:19:48  t+ 620.2min  3,665 mV   40%  on cell   (pin 1,238 mV, vdd 3,300 mV)
  20:20:51  t+ 621.2min  3,606 mV   29%  on cell   (pin 1,218 mV, vdd 3,299 mV)
  20:21:54  t+ 622.3min  3,612 mV   30%  on cell   (pin 1,220 mV, vdd 3,303 mV)
  20:22:58  t+ 623.3min  3,677 mV   42%  on cell   (pin 1,242 mV, vdd 3,302 mV)
  20:24:00  t+ 624.4min  3,635 mV   34%  on cell   (pin 1,228 mV, vdd 3,304 mV)
  20:25:02  t+ 625.4min  3,647 mV   37%  on cell   (pin 1,232 mV, vdd 3,302 mV)
  20:26:05  t+ 626.5min  3,624 mV   32%  on cell   (pin 1,224 mV, vdd 3,304 mV)
  20:27:06  t+ 627.5min  3,635 mV   34%  on cell   (pin 1,228 mV, vdd 3,302 mV)
  20:28:08  t+ 628.5min  3,606 mV   29%  on cell   (pin 1,218 mV, vdd 3,294 mV)
  20:29:15  t+ 629.6min  3,618 mV   30%  on cell   (pin 1,222 mV, vdd 3,298 mV)
  20:30:18  t+ 630.7min  3,635 mV   34%  on cell   (pin 1,228 mV, vdd 3,296 mV)
  20:31:21  t+ 631.7min  3,659 mV   39%  on cell   (pin 1,236 mV, vdd 3,300 mV)
  20:32:22  t+ 632.8min  3,632 mV   33%  on cell   (pin 1,227 mV, vdd 3,302 mV)
  20:33:24  t+ 633.8min  3,600 mV   28%  on cell   (pin 1,216 mV, vdd 3,299 mV)
  20:34:26  t+ 634.8min  3,635 mV   34%  on cell   (pin 1,228 mV, vdd 3,298 mV)
  20:35:28  t+ 635.9min  3,576 mV   26%  on cell   (pin 1,208 mV, vdd 3,302 mV)
  20:36:30  t+ 636.9min  3,632 mV   33%  on cell   (pin 1,227 mV, vdd 3,298 mV)
  20:37:32  t+ 637.9min  3,609 mV   29%  on cell   (pin 1,219 mV, vdd 3,299 mV)
  20:38:34  t+ 638.9min  3,618 mV   30%  on cell   (pin 1,222 mV, vdd 3,300 mV)
  20:39:35  t+ 640.0min  3,641 mV   35%  on cell   (pin 1,230 mV, vdd 3,304 mV)
  20:40:39  t+ 641.0min  3,594 mV   28%  on cell   (pin 1,214 mV, vdd 3,297 mV)
  20:41:40  t+ 642.1min  3,641 mV   35%  on cell   (pin 1,230 mV, vdd 3,300 mV)
  20:42:42  t+ 643.1min  3,629 mV   33%  on cell   (pin 1,226 mV, vdd 3,304 mV)
  20:43:45  t+ 644.1min  3,621 mV   31%  on cell   (pin 1,223 mV, vdd 3,302 mV)
  20:44:48  t+ 645.2min  3,632 mV   33%  on cell   (pin 1,227 mV, vdd 3,307 mV)
  20:45:50  t+ 646.2min  3,626 mV   32%  on cell   (pin 1,225 mV, vdd 3,301 mV)
  20:46:52  t+ 647.3min  3,647 mV   37%  on cell   (pin 1,232 mV, vdd 3,302 mV)
  20:47:55  t+ 648.3min  3,650 mV   37%  on cell   (pin 1,233 mV, vdd 3,298 mV)
  20:48:57  t+ 649.3min  3,612 mV   30%  on cell   (pin 1,220 mV, vdd 3,305 mV)
  20:50:00  t+ 650.4min  3,638 mV   35%  on cell   (pin 1,229 mV, vdd 3,303 mV)
  20:51:02  t+ 651.4min  3,629 mV   33%  on cell   (pin 1,226 mV, vdd 3,301 mV)
  20:52:03  t+ 652.4min  3,609 mV   29%  on cell   (pin 1,219 mV, vdd 3,304 mV)
  20:53:05  t+ 653.5min  3,621 mV   31%  on cell   (pin 1,223 mV, vdd 3,295 mV)
  20:54:06  t+ 654.5min  3,638 mV   35%  on cell   (pin 1,229 mV, vdd 3,309 mV)
  20:55:09  t+ 655.5min  3,612 mV   30%  on cell   (pin 1,220 mV, vdd 3,302 mV)
  20:56:10  t+ 656.6min  3,567 mV   25%  on cell   (pin 1,205 mV, vdd 3,296 mV)
  20:57:13  t+ 657.6min  3,618 mV   30%  on cell   (pin 1,222 mV, vdd 3,300 mV)
  20:58:15  t+ 658.6min  3,615 mV   30%  on cell   (pin 1,221 mV, vdd 3,306 mV)
  20:59:18  t+ 659.7min  3,621 mV   31%  on cell   (pin 1,223 mV, vdd 3,302 mV)
  21:00:19  t+ 660.7min  3,576 mV   26%  on cell   (pin 1,208 mV, vdd 3,309 mV)
  21:01:23  t+ 661.8min  3,615 mV   30%  on cell   (pin 1,221 mV, vdd 3,297 mV)
  21:02:26  t+ 662.8min  3,647 mV   37%  on cell   (pin 1,232 mV, vdd 3,306 mV)
  21:03:30  t+ 663.9min  3,600 mV   28%  on cell   (pin 1,216 mV, vdd 3,305 mV)
  21:04:31  t+ 664.9min  3,612 mV   30%  on cell   (pin 1,220 mV, vdd 3,306 mV)
  21:05:34  t+ 665.9min  3,621 mV   31%  on cell   (pin 1,223 mV, vdd 3,300 mV)
  21:06:36  t+ 667.0min  3,615 mV   30%  on cell   (pin 1,221 mV, vdd 3,304 mV)
  21:07:38  t+ 668.0min  3,635 mV   34%  on cell   (pin 1,228 mV, vdd 3,301 mV)
  21:08:40  t+ 669.0min  3,647 mV   37%  on cell   (pin 1,232 mV, vdd 3,302 mV)
  21:09:42  t+ 670.1min  3,609 mV   29%  on cell   (pin 1,219 mV, vdd 3,300 mV)
  21:10:44  t+ 671.1min  3,606 mV   29%  on cell   (pin 1,218 mV, vdd 3,296 mV)
  21:11:46  t+ 672.1min  3,621 mV   31%  on cell   (pin 1,223 mV, vdd 3,302 mV)
  21:12:49  t+ 673.2min  3,600 mV   28%  on cell   (pin 1,216 mV, vdd 3,300 mV)
  21:13:52  t+ 674.3min  3,615 mV   30%  on cell   (pin 1,221 mV, vdd 3,303 mV)
  21:14:56  t+ 675.3min  3,647 mV   37%  on cell   (pin 1,232 mV, vdd 3,302 mV)
  21:16:00  t+ 676.4min  3,606 mV   29%  on cell   (pin 1,218 mV, vdd 3,296 mV)
  21:17:02  t+ 677.4min  3,603 mV   29%  on cell   (pin 1,217 mV, vdd 3,302 mV)
  21:18:04  t+ 678.5min  3,603 mV   29%  on cell   (pin 1,217 mV, vdd 3,302 mV)
  21:19:07  t+ 679.5min  3,594 mV   28%  on cell   (pin 1,214 mV, vdd 3,306 mV)
  21:20:09  t+ 680.5min  3,621 mV   31%  on cell   (pin 1,223 mV, vdd 3,308 mV)
  21:21:11  t+ 681.6min  3,641 mV   35%  on cell   (pin 1,230 mV, vdd 3,296 mV)
  21:22:15  t+ 682.6min  3,641 mV   35%  on cell   (pin 1,230 mV, vdd 3,302 mV)
  21:23:16  t+ 683.7min  3,647 mV   37%  on cell   (pin 1,232 mV, vdd 3,296 mV)
  21:24:18  t+ 684.7min  3,635 mV   34%  on cell   (pin 1,228 mV, vdd 3,305 mV)
  21:25:20  t+ 685.7min  3,603 mV   29%  on cell   (pin 1,217 mV, vdd 3,303 mV)
  21:26:22  t+ 686.7min  3,579 mV   26%  on cell   (pin 1,209 mV, vdd 3,305 mV)
  21:27:24  t+ 687.8min  3,650 mV   37%  on cell   (pin 1,233 mV, vdd 3,300 mV)
  21:28:26  t+ 688.8min  3,650 mV   37%  on cell   (pin 1,233 mV, vdd 3,302 mV)
  21:29:27  t+ 689.8min  3,609 mV   29%  on cell   (pin 1,219 mV, vdd 3,289 mV)
  21:30:30  t+ 690.9min  3,624 mV   32%  on cell   (pin 1,224 mV, vdd 3,304 mV)
  21:31:31  t+ 691.9min  3,615 mV   30%  on cell   (pin 1,221 mV, vdd 3,296 mV)
  21:32:36  t+ 693.0min  3,624 mV   32%  on cell   (pin 1,224 mV, vdd 3,295 mV)
  21:33:40  t+ 694.1min  3,609 mV   29%  on cell   (pin 1,219 mV, vdd 3,311 mV)
  21:34:42  t+ 695.1min  3,615 mV   30%  on cell   (pin 1,221 mV, vdd 3,296 mV)
  21:35:44  t+ 696.1min  3,632 mV   33%  on cell   (pin 1,227 mV, vdd 3,303 mV)
  21:36:48  t+ 697.2min  3,626 mV   32%  on cell   (pin 1,225 mV, vdd 3,305 mV)
  21:37:50  t+ 698.2min  3,609 mV   29%  on cell   (pin 1,219 mV, vdd 3,302 mV)
  21:38:54  t+ 699.3min  3,635 mV   34%  on cell   (pin 1,228 mV, vdd 3,311 mV)
  21:39:56  t+ 700.3min  3,618 mV   30%  on cell   (pin 1,222 mV, vdd 3,306 mV)
  21:40:58  t+ 701.4min  3,629 mV   33%  on cell   (pin 1,226 mV, vdd 3,304 mV)
  21:42:03  t+ 702.4min  3,626 mV   32%  on cell   (pin 1,225 mV, vdd 3,298 mV)
  21:43:05  t+ 703.5min  3,579 mV   26%  on cell   (pin 1,209 mV, vdd 3,304 mV)
  21:44:10  t+ 704.5min  3,588 mV   27%  on cell   (pin 1,212 mV, vdd 3,302 mV)
  21:45:12  t+ 705.6min  3,632 mV   33%  on cell   (pin 1,227 mV, vdd 3,304 mV)
  21:46:14  t+ 706.6min  3,650 mV   37%  on cell   (pin 1,233 mV, vdd 3,298 mV)
  21:47:17  t+ 707.7min  3,618 mV   30%  on cell   (pin 1,222 mV, vdd 3,296 mV)
  21:48:19  t+ 708.7min  3,594 mV   28%  on cell   (pin 1,214 mV, vdd 3,306 mV)
  21:49:21  t+ 709.7min  3,603 mV   29%  on cell   (pin 1,217 mV, vdd 3,302 mV)
  21:50:22  t+ 710.8min  3,626 mV   32%  on cell   (pin 1,225 mV, vdd 3,298 mV)
  21:51:24  t+ 711.8min  3,626 mV   32%  on cell   (pin 1,225 mV, vdd 3,305 mV)
  21:52:26  t+ 712.8min  3,618 mV   30%  on cell   (pin 1,222 mV, vdd 3,308 mV)
  21:53:28  t+ 713.9min  3,603 mV   29%  on cell   (pin 1,217 mV, vdd 3,300 mV)
  21:54:31  t+ 714.9min  3,624 mV   32%  on cell   (pin 1,224 mV, vdd 3,299 mV)
  21:55:32  t+ 715.9min  3,629 mV   33%  on cell   (pin 1,226 mV, vdd 3,308 mV)
  21:56:35  t+ 717.0min  3,641 mV   35%  on cell   (pin 1,230 mV, vdd 3,303 mV)
  21:57:36  t+ 718.0min  3,615 mV   30%  on cell   (pin 1,221 mV, vdd 3,302 mV)
  21:58:40  t+ 719.1min  3,638 mV   35%  on cell   (pin 1,229 mV, vdd 3,308 mV)
  21:59:42  t+ 720.1min  3,609 mV   29%  on cell   (pin 1,219 mV, vdd 3,295 mV)
  22:00:43  t+ 721.1min  3,588 mV   27%  on cell   (pin 1,212 mV, vdd 3,304 mV)
  22:01:46  t+ 722.2min  3,603 mV   29%  on cell   (pin 1,217 mV, vdd 3,302 mV)
  22:02:49  t+ 723.2min  3,612 mV   30%  on cell   (pin 1,220 mV, vdd 3,303 mV)
  22:03:51  t+ 724.2min  3,629 mV   33%  on cell   (pin 1,226 mV, vdd 3,296 mV)
  22:04:53  t+ 725.3min  3,609 mV   29%  on cell   (pin 1,219 mV, vdd 3,305 mV)
  22:05:55  t+ 726.3min  3,632 mV   33%  on cell   (pin 1,227 mV, vdd 3,304 mV)
  22:06:58  t+ 727.4min  3,626 mV   32%  on cell   (pin 1,225 mV, vdd 3,303 mV)
  22:08:01  t+ 728.4min  3,641 mV   35%  on cell   (pin 1,230 mV, vdd 3,300 mV)
  22:09:03  t+ 729.4min  3,629 mV   33%  on cell   (pin 1,226 mV, vdd 3,309 mV)
  22:10:05  t+ 730.5min  3,629 mV   33%  on cell   (pin 1,226 mV, vdd 3,302 mV)
  22:11:10  t+ 731.5min  3,629 mV   33%  on cell   (pin 1,226 mV, vdd 3,299 mV)
  22:12:13  t+ 732.6min  3,621 mV   31%  on cell   (pin 1,223 mV, vdd 3,305 mV)
  22:13:15  t+ 733.6min  3,638 mV   35%  on cell   (pin 1,229 mV, vdd 3,304 mV)
  22:14:17  t+ 734.7min  3,629 mV   33%  on cell   (pin 1,226 mV, vdd 3,310 mV)
  22:15:19  t+ 735.7min  3,618 mV   30%  on cell   (pin 1,222 mV, vdd 3,302 mV)
  22:16:21  t+ 736.7min  3,621 mV   31%  on cell   (pin 1,223 mV, vdd 3,299 mV)
  22:17:24  t+ 737.8min  3,579 mV   26%  on cell   (pin 1,209 mV, vdd 3,308 mV)
  22:18:25  t+ 738.8min  3,638 mV   35%  on cell   (pin 1,229 mV, vdd 3,303 mV)
  22:19:28  t+ 739.9min  3,585 mV   27%  on cell   (pin 1,211 mV, vdd 3,300 mV)
  22:20:30  t+ 740.9min  3,597 mV   28%  on cell   (pin 1,215 mV, vdd 3,303 mV)
  22:21:34  t+ 741.9min  3,612 mV   30%  on cell   (pin 1,220 mV, vdd 3,305 mV)
  22:22:37  t+ 743.0min  3,609 mV   29%  on cell   (pin 1,219 mV, vdd 3,309 mV)
  22:23:39  t+ 744.0min  3,606 mV   29%  on cell   (pin 1,218 mV, vdd 3,299 mV)
  22:24:43  t+ 745.1min  3,603 mV   29%  on cell   (pin 1,217 mV, vdd 3,298 mV)
  22:25:45  t+ 746.1min  3,629 mV   33%  on cell   (pin 1,226 mV, vdd 3,302 mV)
  22:26:49  t+ 747.2min  3,609 mV   29%  on cell   (pin 1,219 mV, vdd 3,302 mV)
  22:27:51  t+ 748.2min  3,641 mV   35%  on cell   (pin 1,230 mV, vdd 3,302 mV)
  22:28:53  t+ 749.3min  3,594 mV   28%  on cell   (pin 1,214 mV, vdd 3,310 mV)
  22:29:55  t+ 750.3min  3,609 mV   29%  on cell   (pin 1,219 mV, vdd 3,302 mV)
  22:30:56  t+ 751.3min  3,600 mV   28%  on cell   (pin 1,216 mV, vdd 3,303 mV)
  22:31:59  t+ 752.4min  3,594 mV   28%  on cell   (pin 1,214 mV, vdd 3,309 mV)
  22:33:03  t+ 753.4min  3,626 mV   32%  on cell   (pin 1,225 mV, vdd 3,307 mV)
  22:34:05  t+ 754.5min  3,618 mV   30%  on cell   (pin 1,222 mV, vdd 3,296 mV)
  22:35:08  t+ 755.5min  3,603 mV   29%  on cell   (pin 1,217 mV, vdd 3,302 mV)
  22:36:13  t+ 756.6min  3,609 mV   29%  on cell   (pin 1,219 mV, vdd 3,306 mV)
  22:37:15  t+ 757.6min  3,588 mV   27%  on cell   (pin 1,212 mV, vdd 3,308 mV)
  22:38:18  t+ 758.7min  3,641 mV   35%  on cell   (pin 1,230 mV, vdd 3,299 mV)
  22:39:21  t+ 759.7min  3,594 mV   28%  on cell   (pin 1,214 mV, vdd 3,306 mV)
  22:40:25  t+ 760.8min  3,597 mV   28%  on cell   (pin 1,215 mV, vdd 3,306 mV)
  22:41:27  t+ 761.8min  3,609 mV   29%  on cell   (pin 1,219 mV, vdd 3,309 mV)
  22:42:29  t+ 762.9min  3,606 mV   29%  on cell   (pin 1,218 mV, vdd 3,305 mV)
  22:43:31  t+ 763.9min  3,594 mV   28%  on cell   (pin 1,214 mV, vdd 3,297 mV)
  22:44:33  t+ 764.9min  3,629 mV   33%  on cell   (pin 1,226 mV, vdd 3,303 mV)
  22:45:35  t+ 766.0min  3,621 mV   31%  on cell   (pin 1,223 mV, vdd 3,304 mV)
  22:46:37  t+ 767.0min  3,603 mV   29%  on cell   (pin 1,217 mV, vdd 3,300 mV)
  22:47:39  t+ 768.0min  3,615 mV   30%  on cell   (pin 1,221 mV, vdd 3,297 mV)
  22:48:42  t+ 769.1min  3,656 mV   39%  on cell   (pin 1,235 mV, vdd 3,297 mV)
  22:49:44  t+ 770.1min  3,615 mV   30%  on cell   (pin 1,221 mV, vdd 3,301 mV)
  22:50:46  t+ 771.2min  3,564 mV   24%  on cell   (pin 1,204 mV, vdd 3,301 mV)
  22:51:49  t+ 772.2min  3,612 mV   30%  on cell   (pin 1,220 mV, vdd 3,305 mV)
  22:52:52  t+ 773.3min  3,618 mV   30%  on cell   (pin 1,222 mV, vdd 3,296 mV)
  22:53:54  t+ 774.3min  3,609 mV   29%  on cell   (pin 1,219 mV, vdd 3,303 mV)
  22:54:57  t+ 775.3min  3,609 mV   29%  on cell   (pin 1,219 mV, vdd 3,303 mV)
  22:56:00  t+ 776.4min  3,585 mV   27%  on cell   (pin 1,211 mV, vdd 3,307 mV)
  22:57:01  t+ 777.4min  3,600 mV   28%  on cell   (pin 1,216 mV, vdd 3,302 mV)
  22:58:04  t+ 778.5min  3,629 mV   33%  on cell   (pin 1,226 mV, vdd 3,302 mV)
  22:59:08  t+ 779.5min  3,594 mV   28%  on cell   (pin 1,214 mV, vdd 3,306 mV)
  23:00:11  t+ 780.6min  3,558 mV   24%  on cell   (pin 1,202 mV, vdd 3,301 mV)
  23:01:14  t+ 781.6min  3,624 mV   32%  on cell   (pin 1,224 mV, vdd 3,306 mV)
  23:02:15  t+ 782.6min  3,612 mV   30%  on cell   (pin 1,220 mV, vdd 3,303 mV)
  23:03:17  t+ 783.7min  3,597 mV   28%  on cell   (pin 1,215 mV, vdd 3,297 mV)
  23:04:19  t+ 784.7min  3,632 mV   33%  on cell   (pin 1,227 mV, vdd 3,305 mV)
  23:05:22  t+ 785.8min  3,594 mV   28%  on cell   (pin 1,214 mV, vdd 3,305 mV)
  23:06:24  t+ 786.8min  3,561 mV   24%  on cell   (pin 1,203 mV, vdd 3,308 mV)
  23:07:25  t+ 787.8min  3,612 mV   30%  on cell   (pin 1,220 mV, vdd 3,301 mV)
  23:08:27  t+ 788.8min  3,600 mV   28%  on cell   (pin 1,216 mV, vdd 3,309 mV)
  23:09:30  t+ 789.9min  3,597 mV   28%  on cell   (pin 1,215 mV, vdd 3,304 mV)
  23:10:31  t+ 790.9min  3,579 mV   26%  on cell   (pin 1,209 mV, vdd 3,299 mV)
  23:11:34  t+ 792.0min  3,609 mV   29%  on cell   (pin 1,219 mV, vdd 3,307 mV)
  23:12:39  t+ 793.0min  3,564 mV   24%  on cell   (pin 1,204 mV, vdd 3,296 mV)
  23:13:41  t+ 794.1min  3,618 mV   30%  on cell   (pin 1,222 mV, vdd 3,295 mV)
  23:14:43  t+ 795.1min  3,615 mV   30%  on cell   (pin 1,221 mV, vdd 3,303 mV)
  23:15:46  t+ 796.2min  3,582 mV   26%  on cell   (pin 1,210 mV, vdd 3,298 mV)
  23:16:48  t+ 797.2min  3,576 mV   26%  on cell   (pin 1,208 mV, vdd 3,302 mV)
  23:17:51  t+ 798.2min  3,606 mV   29%  on cell   (pin 1,218 mV, vdd 3,303 mV)
  23:18:54  t+ 799.3min  3,600 mV   28%  on cell   (pin 1,216 mV, vdd 3,303 mV)
  23:19:56  t+ 800.3min  3,594 mV   28%  on cell   (pin 1,214 mV, vdd 3,293 mV)
  23:20:58  t+ 801.4min  3,629 mV   33%  on cell   (pin 1,226 mV, vdd 3,302 mV)
  23:21:59  t+ 802.4min  3,603 mV   29%  on cell   (pin 1,217 mV, vdd 3,301 mV)
  23:23:01  t+ 803.4min  3,612 mV   30%  on cell   (pin 1,220 mV, vdd 3,300 mV)
  23:24:04  t+ 804.5min  3,594 mV   28%  on cell   (pin 1,214 mV, vdd 3,299 mV)
  23:25:08  t+ 805.5min  3,591 mV   27%  on cell   (pin 1,213 mV, vdd 3,303 mV)
  23:26:10  t+ 806.6min  3,626 mV   32%  on cell   (pin 1,225 mV, vdd 3,302 mV)
  23:27:14  t+ 807.6min  3,585 mV   27%  on cell   (pin 1,211 mV, vdd 3,303 mV)
  23:28:16  t+ 808.7min  3,629 mV   33%  on cell   (pin 1,226 mV, vdd 3,299 mV)
  23:29:18  t+ 809.7min  3,621 mV   31%  on cell   (pin 1,223 mV, vdd 3,301 mV)
  23:30:20  t+ 810.7min  3,591 mV   27%  on cell   (pin 1,213 mV, vdd 3,304 mV)
  23:31:22  t+ 811.8min  3,635 mV   34%  on cell   (pin 1,228 mV, vdd 3,298 mV)
  23:32:24  t+ 812.8min  3,588 mV   27%  on cell   (pin 1,212 mV, vdd 3,295 mV)
  23:33:25  t+ 813.8min  3,564 mV   24%  on cell   (pin 1,204 mV, vdd 3,311 mV)
  23:34:27  t+ 814.8min  3,626 mV   32%  on cell   (pin 1,225 mV, vdd 3,302 mV)
  23:35:28  t+ 815.9min  3,588 mV   27%  on cell   (pin 1,212 mV, vdd 3,301 mV)
  23:36:31  t+ 816.9min  3,597 mV   28%  on cell   (pin 1,215 mV, vdd 3,304 mV)
  23:37:34  t+ 818.0min  3,591 mV   27%  on cell   (pin 1,213 mV, vdd 3,300 mV)
  23:38:38  t+ 819.0min  3,588 mV   27%  on cell   (pin 1,212 mV, vdd 3,295 mV)
  23:39:40  t+ 820.1min  3,588 mV   27%  on cell   (pin 1,212 mV, vdd 3,302 mV)
  23:40:42  t+ 821.1min  3,612 mV   30%  on cell   (pin 1,220 mV, vdd 3,305 mV)
  23:41:44  t+ 822.1min  3,582 mV   26%  on cell   (pin 1,210 mV, vdd 3,304 mV)
  23:42:45  t+ 823.1min  3,618 mV   30%  on cell   (pin 1,222 mV, vdd 3,302 mV)
  23:43:47  t+ 824.2min  3,606 mV   29%  on cell   (pin 1,218 mV, vdd 3,303 mV)
  23:44:48  t+ 825.2min  3,635 mV   34%  on cell   (pin 1,228 mV, vdd 3,302 mV)
  23:45:52  t+ 826.3min  3,615 mV   30%  on cell   (pin 1,221 mV, vdd 3,311 mV)
  23:46:56  t+ 827.3min  3,644 mV   36%  on cell   (pin 1,231 mV, vdd 3,302 mV)
  23:47:59  t+ 828.4min  3,612 mV   30%  on cell   (pin 1,220 mV, vdd 3,300 mV)
  23:49:01  t+ 829.4min  3,585 mV   27%  on cell   (pin 1,211 mV, vdd 3,296 mV)
  23:50:04  t+ 830.5min  3,629 mV   33%  on cell   (pin 1,226 mV, vdd 3,306 mV)
  23:51:06  t+ 831.5min  3,606 mV   29%  on cell   (pin 1,218 mV, vdd 3,302 mV)
  23:52:10  t+ 832.5min  3,632 mV   33%  on cell   (pin 1,227 mV, vdd 3,301 mV)
  23:53:12  t+ 833.6min  3,549 mV   23%  on cell   (pin 1,199 mV, vdd 3,304 mV)
  23:54:14  t+ 834.6min  3,588 mV   27%  on cell   (pin 1,212 mV, vdd 3,305 mV)
  23:55:17  t+ 835.7min  3,606 mV   29%  on cell   (pin 1,218 mV, vdd 3,300 mV)
  23:56:19  t+ 836.7min  3,665 mV   40%  on cell   (pin 1,238 mV, vdd 3,303 mV)
  23:57:21  t+ 837.7min  3,609 mV   29%  on cell   (pin 1,219 mV, vdd 3,302 mV)
  23:58:22  t+ 838.8min  3,626 mV   32%  on cell   (pin 1,225 mV, vdd 3,306 mV)
  23:59:25  t+ 839.8min  3,632 mV   33%  on cell   (pin 1,227 mV, vdd 3,308 mV)
  00:00:30  t+ 840.9min  3,624 mV   32%  on cell   (pin 1,224 mV, vdd 3,306 mV)
  00:01:32  t+ 841.9min  3,609 mV   29%  on cell   (pin 1,219 mV, vdd 3,297 mV)
  00:02:34  t+ 843.0min  3,618 mV   30%  on cell   (pin 1,222 mV, vdd 3,306 mV)
  00:03:37  t+ 844.0min  3,588 mV   27%  on cell   (pin 1,212 mV, vdd 3,308 mV)
  00:04:40  t+ 845.0min  3,588 mV   27%  on cell   (pin 1,212 mV, vdd 3,293 mV)
  00:05:42  t+ 846.1min  3,632 mV   33%  on cell   (pin 1,227 mV, vdd 3,301 mV)
  00:06:44  t+ 847.1min  3,600 mV   28%  on cell   (pin 1,216 mV, vdd 3,305 mV)
  00:07:46  t+ 848.2min  3,567 mV   25%  on cell   (pin 1,205 mV, vdd 3,303 mV)
  00:08:47  t+ 849.2min  3,591 mV   27%  on cell   (pin 1,213 mV, vdd 3,304 mV)
  00:09:49  t+ 850.2min  3,612 mV   30%  on cell   (pin 1,220 mV, vdd 3,300 mV)
  00:10:51  t+ 851.2min  3,609 mV   29%  on cell   (pin 1,219 mV, vdd 3,304 mV)
  00:11:53  t+ 852.3min  3,618 mV   30%  on cell   (pin 1,222 mV, vdd 3,297 mV)
  00:12:55  t+ 853.3min  3,588 mV   27%  on cell   (pin 1,212 mV, vdd 3,301 mV)
  00:13:57  t+ 854.3min  3,594 mV   28%  on cell   (pin 1,214 mV, vdd 3,302 mV)
  00:15:00  t+ 855.4min  3,594 mV   28%  on cell   (pin 1,214 mV, vdd 3,294 mV)
  00:19:00  t+ 859.4min  3,603 mV   29%  on cell   (pin 1,217 mV, vdd 3,302 mV)
  00:23:27  t+ 863.8min  3,609 mV   29%  on cell   (pin 1,219 mV, vdd 3,300 mV)
  00:24:28  t+ 864.9min  3,624 mV   32%  on cell   (pin 1,224 mV, vdd 3,300 mV)
  00:25:31  t+ 865.9min  3,573 mV   25%  on cell   (pin 1,207 mV, vdd 3,297 mV)
  00:26:33  t+ 866.9min  3,612 mV   30%  on cell   (pin 1,220 mV, vdd 3,299 mV)
  00:27:35  t+ 868.0min  3,615 mV   30%  on cell   (pin 1,221 mV, vdd 3,309 mV)
  00:28:37  t+ 869.0min  3,588 mV   27%  on cell   (pin 1,212 mV, vdd 3,304 mV)
  00:29:38  t+ 870.0min  3,647 mV   37%  on cell   (pin 1,232 mV, vdd 3,298 mV)
  00:30:40  t+ 871.1min  3,547 mV   23%  on cell   (pin 1,198 mV, vdd 3,302 mV)
  00:31:43  t+ 872.1min  3,582 mV   26%  on cell   (pin 1,210 mV, vdd 3,295 mV)
  00:32:45  t+ 873.1min  3,603 mV   29%  on cell   (pin 1,217 mV, vdd 3,305 mV)
  00:33:47  t+ 874.2min  3,597 mV   28%  on cell   (pin 1,215 mV, vdd 3,309 mV)
  00:34:49  t+ 875.2min  3,609 mV   29%  on cell   (pin 1,219 mV, vdd 3,304 mV)
  00:35:50  t+ 876.2min  3,609 mV   29%  on cell   (pin 1,219 mV, vdd 3,303 mV)
  00:36:51  t+ 877.2min  3,600 mV   28%  on cell   (pin 1,216 mV, vdd 3,304 mV)
  00:37:53  t+ 878.3min  3,609 mV   29%  on cell   (pin 1,219 mV, vdd 3,302 mV)
  00:38:54  t+ 879.3min  3,570 mV   25%  on cell   (pin 1,206 mV, vdd 3,305 mV)
  00:39:57  t+ 880.3min  3,564 mV   24%  on cell   (pin 1,204 mV, vdd 3,300 mV)
  00:40:59  t+ 881.4min  3,606 mV   29%  on cell   (pin 1,218 mV, vdd 3,300 mV)
  00:42:00  t+ 882.4min  3,558 mV   24%  on cell   (pin 1,202 mV, vdd 3,304 mV)
  00:43:02  t+ 883.4min  3,585 mV   27%  on cell   (pin 1,211 mV, vdd 3,296 mV)
  00:44:04  t+ 884.5min  3,588 mV   27%  on cell   (pin 1,212 mV, vdd 3,304 mV)
  00:45:06  t+ 885.5min  3,609 mV   29%  on cell   (pin 1,219 mV, vdd 3,296 mV)
  00:46:08  t+ 886.5min  3,609 mV   29%  on cell   (pin 1,219 mV, vdd 3,305 mV)
  00:47:12  t+ 887.6min  3,567 mV   25%  on cell   (pin 1,205 mV, vdd 3,308 mV)
  00:48:13  t+ 888.6min  3,603 mV   29%  on cell   (pin 1,217 mV, vdd 3,304 mV)
  00:49:16  t+ 889.7min  3,552 mV   23%  on cell   (pin 1,200 mV, vdd 3,299 mV)
  00:50:18  t+ 890.7min  3,591 mV   27%  on cell   (pin 1,213 mV, vdd 3,302 mV)
  00:51:20  t+ 891.7min  3,570 mV   25%  on cell   (pin 1,206 mV, vdd 3,303 mV)
  00:52:23  t+ 892.8min  3,609 mV   29%  on cell   (pin 1,219 mV, vdd 3,300 mV)
  00:53:25  t+ 893.8min  3,597 mV   28%  on cell   (pin 1,215 mV, vdd 3,310 mV)
  00:54:27  t+ 894.8min  3,618 mV   30%  on cell   (pin 1,222 mV, vdd 3,302 mV)
  00:55:29  t+ 895.9min  3,624 mV   32%  on cell   (pin 1,224 mV, vdd 3,303 mV)
  00:56:31  t+ 896.9min  3,570 mV   25%  on cell   (pin 1,206 mV, vdd 3,302 mV)
  00:57:32  t+ 897.9min  3,591 mV   27%  on cell   (pin 1,213 mV, vdd 3,303 mV)
  00:58:33  t+ 898.9min  3,582 mV   26%  on cell   (pin 1,210 mV, vdd 3,301 mV)
  00:59:34  t+ 900.0min  3,612 mV   30%  on cell   (pin 1,220 mV, vdd 3,305 mV)
  01:00:36  t+ 901.0min  3,588 mV   27%  on cell   (pin 1,212 mV, vdd 3,297 mV)
  01:01:37  t+ 902.0min  3,621 mV   31%  on cell   (pin 1,223 mV, vdd 3,308 mV)
  01:02:39  t+ 903.0min  3,606 mV   29%  on cell   (pin 1,218 mV, vdd 3,309 mV)
  01:03:40  t+ 904.1min  3,609 mV   29%  on cell   (pin 1,219 mV, vdd 3,307 mV)
  01:04:41  t+ 905.1min  3,609 mV   29%  on cell   (pin 1,219 mV, vdd 3,304 mV)
  01:05:43  t+ 906.1min  3,564 mV   24%  on cell   (pin 1,204 mV, vdd 3,304 mV)
  01:06:44  t+ 907.1min  3,606 mV   29%  on cell   (pin 1,218 mV, vdd 3,303 mV)
  01:07:46  t+ 908.2min  3,588 mV   27%  on cell   (pin 1,212 mV, vdd 3,302 mV)
  01:08:47  t+ 909.2min  3,606 mV   29%  on cell   (pin 1,218 mV, vdd 3,304 mV)
  01:09:49  t+ 910.2min  3,549 mV   23%  on cell   (pin 1,199 mV, vdd 3,301 mV)
  01:10:51  t+ 911.2min  3,626 mV   32%  on cell   (pin 1,225 mV, vdd 3,303 mV)
  01:11:53  t+ 912.3min  3,632 mV   33%  on cell   (pin 1,227 mV, vdd 3,305 mV)
  01:12:54  t+ 913.3min  3,606 mV   29%  on cell   (pin 1,218 mV, vdd 3,303 mV)
  01:13:56  t+ 914.3min  3,600 mV   28%  on cell   (pin 1,216 mV, vdd 3,300 mV)
  01:14:57  t+ 915.3min  3,576 mV   26%  on cell   (pin 1,208 mV, vdd 3,302 mV)
  01:16:00  t+ 916.4min  3,582 mV   26%  on cell   (pin 1,210 mV, vdd 3,303 mV)
  01:17:01  t+ 917.4min  3,591 mV   27%  on cell   (pin 1,213 mV, vdd 3,304 mV)
  01:18:03  t+ 918.4min  3,609 mV   29%  on cell   (pin 1,219 mV, vdd 3,300 mV)
  01:19:05  t+ 919.5min  3,588 mV   27%  on cell   (pin 1,212 mV, vdd 3,300 mV)
  01:20:07  t+ 920.5min  3,600 mV   28%  on cell   (pin 1,216 mV, vdd 3,303 mV)
  01:21:08  t+ 921.5min  3,609 mV   29%  on cell   (pin 1,219 mV, vdd 3,305 mV)
  01:22:10  t+ 922.5min  3,567 mV   25%  on cell   (pin 1,205 mV, vdd 3,305 mV)
  01:23:12  t+ 923.6min  3,585 mV   27%  on cell   (pin 1,211 mV, vdd 3,302 mV)
  01:24:14  t+ 924.6min  3,570 mV   25%  on cell   (pin 1,206 mV, vdd 3,301 mV)
  01:25:16  t+ 925.7min  3,555 mV   23%  on cell   (pin 1,201 mV, vdd 3,303 mV)
  01:26:17  t+ 926.7min  3,594 mV   28%  on cell   (pin 1,214 mV, vdd 3,297 mV)
  01:27:20  t+ 927.7min  3,618 mV   30%  on cell   (pin 1,222 mV, vdd 3,304 mV)
  01:28:22  t+ 928.8min  3,600 mV   28%  on cell   (pin 1,216 mV, vdd 3,307 mV)
  01:29:24  t+ 929.8min  3,564 mV   24%  on cell   (pin 1,204 mV, vdd 3,309 mV)
  01:30:27  t+ 930.8min  3,588 mV   27%  on cell   (pin 1,212 mV, vdd 3,303 mV)
  01:31:29  t+ 931.9min  3,606 mV   29%  on cell   (pin 1,218 mV, vdd 3,309 mV)
  01:32:31  t+ 932.9min  3,618 mV   30%  on cell   (pin 1,222 mV, vdd 3,307 mV)
  01:33:33  t+ 933.9min  3,585 mV   27%  on cell   (pin 1,211 mV, vdd 3,304 mV)
  01:34:34  t+ 935.0min  3,612 mV   30%  on cell   (pin 1,220 mV, vdd 3,300 mV)
  01:35:36  t+ 936.0min  3,576 mV   26%  on cell   (pin 1,208 mV, vdd 3,307 mV)
  01:36:38  t+ 937.0min  3,591 mV   27%  on cell   (pin 1,213 mV, vdd 3,303 mV)
  01:37:41  t+ 938.1min  3,597 mV   28%  on cell   (pin 1,215 mV, vdd 3,298 mV)
  01:38:43  t+ 939.1min  3,591 mV   27%  on cell   (pin 1,213 mV, vdd 3,302 mV)
  01:39:46  t+ 940.2min  3,579 mV   26%  on cell   (pin 1,209 mV, vdd 3,306 mV)
  01:40:49  t+ 941.2min  3,612 mV   30%  on cell   (pin 1,220 mV, vdd 3,306 mV)
  01:41:51  t+ 942.2min  3,612 mV   30%  on cell   (pin 1,220 mV, vdd 3,302 mV)
  01:42:52  t+ 943.3min  3,609 mV   29%  on cell   (pin 1,219 mV, vdd 3,308 mV)
  01:43:56  t+ 944.3min  3,591 mV   27%  on cell   (pin 1,213 mV, vdd 3,311 mV)
  01:44:58  t+ 945.3min  3,600 mV   28%  on cell   (pin 1,216 mV, vdd 3,304 mV)
  01:45:59  t+ 946.4min  3,597 mV   28%  on cell   (pin 1,215 mV, vdd 3,300 mV)
  01:47:03  t+ 947.4min  3,588 mV   27%  on cell   (pin 1,212 mV, vdd 3,307 mV)
  01:48:06  t+ 948.5min  3,618 mV   30%  on cell   (pin 1,222 mV, vdd 3,304 mV)
  01:49:07  t+ 949.5min  3,555 mV   23%  on cell   (pin 1,201 mV, vdd 3,307 mV)
  01:50:09  t+ 950.5min  3,591 mV   27%  on cell   (pin 1,213 mV, vdd 3,304 mV)
  01:51:12  t+ 951.6min  3,606 mV   29%  on cell   (pin 1,218 mV, vdd 3,307 mV)
  01:52:14  t+ 952.6min  3,612 mV   30%  on cell   (pin 1,220 mV, vdd 3,311 mV)
  01:53:17  t+ 953.7min  3,549 mV   23%  on cell   (pin 1,199 mV, vdd 3,318 mV)
  01:54:20  t+ 954.7min  3,591 mV   27%  on cell   (pin 1,213 mV, vdd 3,307 mV)
  01:55:21  t+ 955.7min  3,576 mV   26%  on cell   (pin 1,208 mV, vdd 3,302 mV)
  01:56:23  t+ 956.8min  3,597 mV   28%  on cell   (pin 1,215 mV, vdd 3,308 mV)
  01:57:25  t+ 957.8min  3,615 mV   30%  on cell   (pin 1,221 mV, vdd 3,302 mV)
  01:58:26  t+ 958.8min  3,573 mV   25%  on cell   (pin 1,207 mV, vdd 3,305 mV)
  01:59:28  t+ 959.9min  3,609 mV   29%  on cell   (pin 1,219 mV, vdd 3,302 mV)
  02:00:31  t+ 960.9min  3,585 mV   27%  on cell   (pin 1,211 mV, vdd 3,304 mV)
  02:01:35  t+ 962.0min  3,612 mV   30%  on cell   (pin 1,220 mV, vdd 3,318 mV)
  02:02:37  t+ 963.0min  3,597 mV   28%  on cell   (pin 1,215 mV, vdd 3,303 mV)
  02:03:38  t+ 964.0min  3,609 mV   29%  on cell   (pin 1,219 mV, vdd 3,300 mV)
  02:04:40  t+ 965.1min  3,612 mV   30%  on cell   (pin 1,220 mV, vdd 3,300 mV)
  02:05:44  t+ 966.1min  3,588 mV   27%  on cell   (pin 1,212 mV, vdd 3,311 mV)
  02:06:45  t+ 967.1min  3,609 mV   29%  on cell   (pin 1,219 mV, vdd 3,309 mV)
  02:07:47  t+ 968.2min  3,588 mV   27%  on cell   (pin 1,212 mV, vdd 3,300 mV)
  02:08:53  t+ 969.3min  3,582 mV   26%  on cell   (pin 1,210 mV, vdd 3,302 mV)
  02:09:55  t+ 970.3min  3,609 mV   29%  on cell   (pin 1,219 mV, vdd 3,298 mV)
  02:10:57  t+ 971.3min  3,564 mV   24%  on cell   (pin 1,204 mV, vdd 3,302 mV)
  02:12:00  t+ 972.4min  3,594 mV   28%  on cell   (pin 1,214 mV, vdd 3,304 mV)
  02:13:03  t+ 973.4min  3,573 mV   25%  on cell   (pin 1,207 mV, vdd 3,304 mV)
  02:14:05  t+ 974.5min  3,615 mV   30%  on cell   (pin 1,221 mV, vdd 3,300 mV)
  02:15:07  t+ 975.5min  3,576 mV   26%  on cell   (pin 1,208 mV, vdd 3,303 mV)
  02:16:10  t+ 976.6min  3,555 mV   23%  on cell   (pin 1,201 mV, vdd 3,306 mV)
  02:17:12  t+ 977.6min  3,588 mV   27%  on cell   (pin 1,212 mV, vdd 3,304 mV)
  02:18:16  t+ 978.7min  3,570 mV   25%  on cell   (pin 1,206 mV, vdd 3,312 mV)
  02:19:17  t+ 979.7min  3,570 mV   25%  on cell   (pin 1,206 mV, vdd 3,302 mV)
  02:20:19  t+ 980.7min  3,573 mV   25%  on cell   (pin 1,207 mV, vdd 3,304 mV)
  02:21:21  t+ 981.7min  3,635 mV   34%  on cell   (pin 1,228 mV, vdd 3,296 mV)
  02:22:23  t+ 982.8min  3,618 mV   30%  on cell   (pin 1,222 mV, vdd 3,303 mV)
  02:23:26  t+ 983.8min  3,588 mV   27%  on cell   (pin 1,212 mV, vdd 3,306 mV)
  02:24:28  t+ 984.8min  3,624 mV   32%  on cell   (pin 1,224 mV, vdd 3,306 mV)
  02:25:30  t+ 985.9min  3,600 mV   28%  on cell   (pin 1,216 mV, vdd 3,296 mV)
  02:26:32  t+ 986.9min  3,588 mV   27%  on cell   (pin 1,212 mV, vdd 3,300 mV)
  02:27:34  t+ 988.0min  3,570 mV   25%  on cell   (pin 1,206 mV, vdd 3,304 mV)
  02:28:36  t+ 989.0min  3,588 mV   27%  on cell   (pin 1,212 mV, vdd 3,302 mV)
  02:29:40  t+ 990.0min  3,582 mV   26%  on cell   (pin 1,210 mV, vdd 3,302 mV)
  02:30:42  t+ 991.1min  3,594 mV   28%  on cell   (pin 1,214 mV, vdd 3,301 mV)
  02:31:44  t+ 992.1min  3,585 mV   27%  on cell   (pin 1,211 mV, vdd 3,308 mV)
  02:32:46  t+ 993.1min  3,582 mV   26%  on cell   (pin 1,210 mV, vdd 3,303 mV)
  02:33:50  t+ 994.2min  3,594 mV   28%  on cell   (pin 1,214 mV, vdd 3,296 mV)
  02:34:52  t+ 995.3min  3,588 mV   27%  on cell   (pin 1,212 mV, vdd 3,308 mV)
  02:35:56  t+ 996.3min  3,585 mV   27%  on cell   (pin 1,211 mV, vdd 3,300 mV)
  02:36:59  t+ 997.4min  3,570 mV   25%  on cell   (pin 1,206 mV, vdd 3,303 mV)
  02:38:01  t+ 998.4min  3,558 mV   24%  on cell   (pin 1,202 mV, vdd 3,304 mV)
  02:39:03  t+ 999.4min  3,588 mV   27%  on cell   (pin 1,212 mV, vdd 3,306 mV)
  02:40:05  t+1000.5min  3,576 mV   26%  on cell   (pin 1,208 mV, vdd 3,305 mV)
  02:41:08  t+1001.5min  3,600 mV   28%  on cell   (pin 1,216 mV, vdd 3,308 mV)
  02:42:10  t+1002.6min  3,609 mV   29%  on cell   (pin 1,219 mV, vdd 3,312 mV)
  02:43:13  t+1003.6min  3,600 mV   28%  on cell   (pin 1,216 mV, vdd 3,303 mV)
  02:44:15  t+1004.6min  3,579 mV   26%  on cell   (pin 1,209 mV, vdd 3,306 mV)
  02:45:19  t+1005.7min  3,612 mV   30%  on cell   (pin 1,220 mV, vdd 3,306 mV)
  02:46:22  t+1006.7min  3,582 mV   26%  on cell   (pin 1,210 mV, vdd 3,310 mV)
  02:47:24  t+1007.8min  3,567 mV   25%  on cell   (pin 1,205 mV, vdd 3,302 mV)
  02:48:25  t+1008.8min  3,609 mV   29%  on cell   (pin 1,219 mV, vdd 3,308 mV)
  02:49:28  t+1009.8min  3,573 mV   25%  on cell   (pin 1,207 mV, vdd 3,308 mV)
  02:50:30  t+1010.9min  3,591 mV   27%  on cell   (pin 1,213 mV, vdd 3,303 mV)
  02:51:34  t+1012.0min  3,609 mV   29%  on cell   (pin 1,219 mV, vdd 3,297 mV)
  02:52:36  t+1013.0min  3,573 mV   25%  on cell   (pin 1,207 mV, vdd 3,298 mV)
  02:53:38  t+1014.0min  3,597 mV   28%  on cell   (pin 1,215 mV, vdd 3,300 mV)
  02:54:39  t+1015.0min  3,606 mV   29%  on cell   (pin 1,218 mV, vdd 3,300 mV)
  02:55:41  t+1016.1min  3,612 mV   30%  on cell   (pin 1,220 mV, vdd 3,301 mV)
  02:56:43  t+1017.1min  3,573 mV   25%  on cell   (pin 1,207 mV, vdd 3,300 mV)
  02:57:45  t+1018.1min  3,558 mV   24%  on cell   (pin 1,202 mV, vdd 3,303 mV)
  02:58:48  t+1019.2min  3,561 mV   24%  on cell   (pin 1,203 mV, vdd 3,306 mV)
  02:59:52  t+1020.2min  3,573 mV   25%  on cell   (pin 1,207 mV, vdd 3,303 mV)
  03:00:54  t+1021.3min  3,591 mV   27%  on cell   (pin 1,213 mV, vdd 3,300 mV)
  03:01:57  t+1022.3min  3,609 mV   29%  on cell   (pin 1,219 mV, vdd 3,300 mV)
  03:02:59  t+1023.4min  3,555 mV   23%  on cell   (pin 1,201 mV, vdd 3,304 mV)
  03:04:03  t+1024.4min  3,576 mV   26%  on cell   (pin 1,208 mV, vdd 3,301 mV)
  03:05:07  t+1025.5min  3,609 mV   29%  on cell   (pin 1,219 mV, vdd 3,305 mV)
  03:06:09  t+1026.5min  3,650 mV   37%  on cell   (pin 1,233 mV, vdd 3,304 mV)
  03:07:11  t+1027.6min  3,609 mV   29%  on cell   (pin 1,219 mV, vdd 3,304 mV)
  03:08:13  t+1028.6min  3,606 mV   29%  on cell   (pin 1,218 mV, vdd 3,308 mV)
  03:09:15  t+1029.6min  3,588 mV   27%  on cell   (pin 1,212 mV, vdd 3,302 mV)
  03:10:17  t+1030.7min  3,582 mV   26%  on cell   (pin 1,210 mV, vdd 3,307 mV)
  03:11:19  t+1031.7min  3,588 mV   27%  on cell   (pin 1,212 mV, vdd 3,308 mV)
  03:12:20  t+1032.7min  3,567 mV   25%  on cell   (pin 1,205 mV, vdd 3,309 mV)
  03:13:24  t+1033.8min  3,576 mV   26%  on cell   (pin 1,208 mV, vdd 3,306 mV)
  03:14:26  t+1034.8min  3,609 mV   29%  on cell   (pin 1,219 mV, vdd 3,303 mV)
  03:15:29  t+1035.9min  3,588 mV   27%  on cell   (pin 1,212 mV, vdd 3,302 mV)
  03:16:30  t+1036.9min  3,600 mV   28%  on cell   (pin 1,216 mV, vdd 3,304 mV)
  03:17:33  t+1037.9min  3,561 mV   24%  on cell   (pin 1,203 mV, vdd 3,308 mV)
  03:18:35  t+1039.0min  3,576 mV   26%  on cell   (pin 1,208 mV, vdd 3,303 mV)
  03:19:37  t+1040.0min  3,588 mV   27%  on cell   (pin 1,212 mV, vdd 3,305 mV)
  03:20:39  t+1041.0min  3,564 mV   24%  on cell   (pin 1,204 mV, vdd 3,312 mV)
  03:21:42  t+1042.1min  3,588 mV   27%  on cell   (pin 1,212 mV, vdd 3,299 mV)
  03:22:44  t+1043.1min  3,588 mV   27%  on cell   (pin 1,212 mV, vdd 3,301 mV)
  03:23:46  t+1044.1min  3,609 mV   29%  on cell   (pin 1,219 mV, vdd 3,301 mV)
  03:24:48  t+1045.2min  3,541 mV   22%  on cell   (pin 1,196 mV, vdd 3,306 mV)
  03:25:49  t+1046.2min  3,579 mV   26%  on cell   (pin 1,209 mV, vdd 3,304 mV)
  03:26:51  t+1047.2min  3,549 mV   23%  on cell   (pin 1,199 mV, vdd 3,304 mV)
  03:27:53  t+1048.3min  3,597 mV   28%  on cell   (pin 1,215 mV, vdd 3,308 mV)
  03:28:55  t+1049.3min  3,570 mV   25%  on cell   (pin 1,206 mV, vdd 3,297 mV)
  03:29:56  t+1050.3min  3,576 mV   26%  on cell   (pin 1,208 mV, vdd 3,311 mV)
  03:30:59  t+1051.4min  3,621 mV   31%  on cell   (pin 1,223 mV, vdd 3,304 mV)
  03:32:01  t+1052.4min  3,555 mV   23%  on cell   (pin 1,201 mV, vdd 3,304 mV)
  03:33:03  t+1053.4min  3,594 mV   28%  on cell   (pin 1,214 mV, vdd 3,303 mV)
  03:34:04  t+1054.5min  3,564 mV   24%  on cell   (pin 1,204 mV, vdd 3,299 mV)
  03:35:06  t+1055.5min  3,579 mV   26%  on cell   (pin 1,209 mV, vdd 3,303 mV)
  03:36:08  t+1056.5min  3,588 mV   27%  on cell   (pin 1,212 mV, vdd 3,300 mV)
  03:37:11  t+1057.6min  3,594 mV   28%  on cell   (pin 1,214 mV, vdd 3,301 mV)
  03:38:13  t+1058.6min  3,570 mV   25%  on cell   (pin 1,206 mV, vdd 3,305 mV)
  03:39:14  t+1059.6min  3,564 mV   24%  on cell   (pin 1,204 mV, vdd 3,304 mV)
  03:40:16  t+1060.7min  3,588 mV   27%  on cell   (pin 1,212 mV, vdd 3,306 mV)
  03:41:18  t+1061.7min  3,588 mV   27%  on cell   (pin 1,212 mV, vdd 3,302 mV)
  03:42:20  t+1062.7min  3,564 mV   24%  on cell   (pin 1,204 mV, vdd 3,300 mV)
  03:43:22  t+1063.8min  3,558 mV   24%  on cell   (pin 1,202 mV, vdd 3,304 mV)
  03:44:26  t+1064.8min  3,582 mV   26%  on cell   (pin 1,210 mV, vdd 3,310 mV)
  03:45:30  t+1065.9min  3,582 mV   26%  on cell   (pin 1,210 mV, vdd 3,302 mV)
  03:46:33  t+1066.9min  3,591 mV   27%  on cell   (pin 1,213 mV, vdd 3,304 mV)
  03:47:35  t+1068.0min  3,544 mV   22%  on cell   (pin 1,197 mV, vdd 3,305 mV)
  03:48:37  t+1069.0min  3,555 mV   23%  on cell   (pin 1,201 mV, vdd 3,302 mV)
  03:49:38  t+1070.0min  3,535 mV   21%  on cell   (pin 1,194 mV, vdd 3,295 mV)
  03:50:41  t+1071.1min  3,603 mV   29%  on cell   (pin 1,217 mV, vdd 3,302 mV)
  03:51:42  t+1072.1min  3,564 mV   24%  on cell   (pin 1,204 mV, vdd 3,296 mV)
  03:52:45  t+1073.1min  3,567 mV   25%  on cell   (pin 1,205 mV, vdd 3,296 mV)
  03:53:47  t+1074.2min  3,585 mV   27%  on cell   (pin 1,211 mV, vdd 3,307 mV)
  03:54:49  t+1075.2min  3,552 mV   23%  on cell   (pin 1,200 mV, vdd 3,302 mV)
  03:55:52  t+1076.3min  3,579 mV   26%  on cell   (pin 1,209 mV, vdd 3,307 mV)
  03:56:55  t+1077.3min  3,588 mV   27%  on cell   (pin 1,212 mV, vdd 3,299 mV)
  03:57:57  t+1078.3min  3,570 mV   25%  on cell   (pin 1,206 mV, vdd 3,296 mV)
  03:58:59  t+1079.4min  3,582 mV   26%  on cell   (pin 1,210 mV, vdd 3,302 mV)
  04:00:01  t+1080.4min  3,612 mV   30%  on cell   (pin 1,220 mV, vdd 3,295 mV)
  04:01:06  t+1081.5min  3,573 mV   25%  on cell   (pin 1,207 mV, vdd 3,303 mV)
  04:02:07  t+1082.5min  3,567 mV   25%  on cell   (pin 1,205 mV, vdd 3,317 mV)
  04:03:09  t+1083.5min  3,544 mV   22%  on cell   (pin 1,197 mV, vdd 3,307 mV)
  04:04:11  t+1084.6min  3,579 mV   26%  on cell   (pin 1,209 mV, vdd 3,302 mV)
  04:05:13  t+1085.6min  3,609 mV   29%  on cell   (pin 1,219 mV, vdd 3,308 mV)
  04:06:15  t+1086.6min  3,573 mV   25%  on cell   (pin 1,207 mV, vdd 3,304 mV)
  04:07:18  t+1087.7min  3,600 mV   28%  on cell   (pin 1,216 mV, vdd 3,303 mV)
  04:08:20  t+1088.7min  3,541 mV   22%  on cell   (pin 1,196 mV, vdd 3,304 mV)
  04:09:22  t+1089.8min  3,585 mV   27%  on cell   (pin 1,211 mV, vdd 3,304 mV)
  04:10:24  t+1090.8min  3,629 mV   33%  on cell   (pin 1,226 mV, vdd 3,301 mV)
  04:11:26  t+1091.8min  3,632 mV   33%  on cell   (pin 1,227 mV, vdd 3,305 mV)
  04:12:29  t+1092.9min  3,588 mV   27%  on cell   (pin 1,212 mV, vdd 3,298 mV)
  04:13:31  t+1093.9min  3,600 mV   28%  on cell   (pin 1,216 mV, vdd 3,302 mV)
  04:14:33  t+1094.9min  3,588 mV   27%  on cell   (pin 1,212 mV, vdd 3,305 mV)
  04:15:35  t+1096.0min  3,573 mV   25%  on cell   (pin 1,207 mV, vdd 3,298 mV)
  04:16:36  t+1097.0min  3,552 mV   23%  on cell   (pin 1,200 mV, vdd 3,307 mV)
  04:17:38  t+1098.0min  3,612 mV   30%  on cell   (pin 1,220 mV, vdd 3,311 mV)
  04:18:40  t+1099.1min  3,579 mV   26%  on cell   (pin 1,209 mV, vdd 3,309 mV)
  04:19:42  t+1100.1min  3,600 mV   28%  on cell   (pin 1,216 mV, vdd 3,302 mV)
  04:20:44  t+1101.1min  3,579 mV   26%  on cell   (pin 1,209 mV, vdd 3,308 mV)
  04:21:46  t+1102.2min  3,555 mV   23%  on cell   (pin 1,201 mV, vdd 3,302 mV)
  04:22:49  t+1103.2min  3,600 mV   28%  on cell   (pin 1,216 mV, vdd 3,308 mV)
  04:23:50  t+1104.2min  3,618 mV   30%  on cell   (pin 1,222 mV, vdd 3,308 mV)
  04:24:53  t+1105.3min  3,591 mV   27%  on cell   (pin 1,213 mV, vdd 3,303 mV)
  04:25:55  t+1106.3min  3,564 mV   24%  on cell   (pin 1,204 mV, vdd 3,307 mV)
  04:26:56  t+1107.3min  3,555 mV   23%  on cell   (pin 1,201 mV, vdd 3,298 mV)
  04:27:58  t+1108.4min  3,582 mV   26%  on cell   (pin 1,210 mV, vdd 3,304 mV)
  04:28:59  t+1109.4min  3,564 mV   24%  on cell   (pin 1,204 mV, vdd 3,293 mV)
  04:30:02  t+1110.4min  3,597 mV   28%  on cell   (pin 1,215 mV, vdd 3,300 mV)
  04:31:04  t+1111.5min  3,544 mV   22%  on cell   (pin 1,197 mV, vdd 3,302 mV)
  04:32:06  t+1112.5min  3,549 mV   23%  on cell   (pin 1,199 mV, vdd 3,305 mV)
  04:33:07  t+1113.5min  3,582 mV   26%  on cell   (pin 1,210 mV, vdd 3,304 mV)
  04:34:09  t+1114.5min  3,582 mV   26%  on cell   (pin 1,210 mV, vdd 3,301 mV)
  04:35:11  t+1115.6min  3,597 mV   28%  on cell   (pin 1,215 mV, vdd 3,303 mV)
  04:36:16  t+1116.6min  3,549 mV   23%  on cell   (pin 1,199 mV, vdd 3,309 mV)
  04:37:19  t+1117.7min  3,576 mV   26%  on cell   (pin 1,208 mV, vdd 3,303 mV)
  04:38:21  t+1118.7min  3,555 mV   23%  on cell   (pin 1,201 mV, vdd 3,304 mV)
  04:39:22  t+1119.8min  3,588 mV   27%  on cell   (pin 1,212 mV, vdd 3,303 mV)
  04:40:25  t+1120.8min  3,567 mV   25%  on cell   (pin 1,205 mV, vdd 3,298 mV)
  04:41:26  t+1121.8min  3,567 mV   25%  on cell   (pin 1,205 mV, vdd 3,305 mV)
  04:42:29  t+1122.9min  3,535 mV   21%  on cell   (pin 1,194 mV, vdd 3,305 mV)
  04:43:30  t+1123.9min  3,588 mV   27%  on cell   (pin 1,212 mV, vdd 3,303 mV)
  04:44:32  t+1124.9min  3,582 mV   26%  on cell   (pin 1,210 mV, vdd 3,309 mV)
  04:45:35  t+1126.0min  3,544 mV   22%  on cell   (pin 1,197 mV, vdd 3,305 mV)
  04:46:37  t+1127.0min  3,594 mV   28%  on cell   (pin 1,214 mV, vdd 3,296 mV)
  04:47:39  t+1128.0min  3,538 mV   22%  on cell   (pin 1,195 mV, vdd 3,300 mV)
  04:48:41  t+1129.1min  3,555 mV   23%  on cell   (pin 1,201 mV, vdd 3,303 mV)
  04:49:42  t+1130.1min  3,591 mV   27%  on cell   (pin 1,213 mV, vdd 3,298 mV)
  04:50:43  t+1131.1min  3,582 mV   26%  on cell   (pin 1,210 mV, vdd 3,311 mV)
  04:51:45  t+1132.1min  3,588 mV   27%  on cell   (pin 1,212 mV, vdd 3,307 mV)
  04:52:46  t+1133.2min  3,585 mV   27%  on cell   (pin 1,211 mV, vdd 3,309 mV)
  04:53:49  t+1134.2min  3,567 mV   25%  on cell   (pin 1,205 mV, vdd 3,305 mV)
  04:54:50  t+1135.2min  3,570 mV   25%  on cell   (pin 1,206 mV, vdd 3,303 mV)
  04:55:53  t+1136.3min  3,606 mV   29%  on cell   (pin 1,218 mV, vdd 3,313 mV)
  04:56:55  t+1137.3min  3,591 mV   27%  on cell   (pin 1,213 mV, vdd 3,301 mV)
  04:57:58  t+1138.4min  3,606 mV   29%  on cell   (pin 1,218 mV, vdd 3,304 mV)
  04:59:00  t+1139.4min  3,558 mV   24%  on cell   (pin 1,202 mV, vdd 3,295 mV)
  05:00:03  t+1140.4min  3,564 mV   24%  on cell   (pin 1,204 mV, vdd 3,304 mV)
  05:01:04  t+1141.5min  3,523 mV   20%  on cell   (pin 1,190 mV, vdd 3,301 mV)
  05:02:09  t+1142.5min  3,567 mV   25%  on cell   (pin 1,205 mV, vdd 3,301 mV)
  05:03:11  t+1143.6min  3,544 mV   22%  on cell   (pin 1,197 mV, vdd 3,304 mV)
  05:04:12  t+1144.6min  3,564 mV   24%  on cell   (pin 1,204 mV, vdd 3,309 mV)
  05:05:14  t+1145.6min  3,555 mV   23%  on cell   (pin 1,201 mV, vdd 3,303 mV)
  05:06:17  t+1146.7min  3,523 mV   20%  on cell   (pin 1,190 mV, vdd 3,303 mV)
  05:07:21  t+1147.7min  3,570 mV   25%  on cell   (pin 1,206 mV, vdd 3,298 mV)
  05:08:24  t+1148.8min  3,538 mV   22%  on cell   (pin 1,195 mV, vdd 3,304 mV)
  05:09:26  t+1149.8min  3,588 mV   27%  on cell   (pin 1,212 mV, vdd 3,305 mV)
  05:10:28  t+1150.8min  3,570 mV   25%  on cell   (pin 1,206 mV, vdd 3,301 mV)
  05:11:30  t+1151.9min  3,594 mV   28%  on cell   (pin 1,214 mV, vdd 3,298 mV)
  05:12:31  t+1152.9min  3,549 mV   23%  on cell   (pin 1,199 mV, vdd 3,303 mV)
  05:13:34  t+1154.0min  3,582 mV   26%  on cell   (pin 1,210 mV, vdd 3,300 mV)
  05:14:35  t+1155.0min  3,570 mV   25%  on cell   (pin 1,206 mV, vdd 3,303 mV)
  05:15:38  t+1156.0min  3,538 mV   22%  on cell   (pin 1,195 mV, vdd 3,304 mV)
  05:16:41  t+1157.1min  3,579 mV   26%  on cell   (pin 1,209 mV, vdd 3,305 mV)
  05:17:42  t+1158.1min  3,567 mV   25%  on cell   (pin 1,205 mV, vdd 3,306 mV)
  05:18:45  t+1159.1min  3,538 mV   22%  on cell   (pin 1,195 mV, vdd 3,303 mV)
  05:19:46  t+1160.2min  3,538 mV   22%  on cell   (pin 1,195 mV, vdd 3,296 mV)
  05:20:48  t+1161.2min  3,564 mV   24%  on cell   (pin 1,204 mV, vdd 3,303 mV)
  05:21:51  t+1162.2min  3,544 mV   22%  on cell   (pin 1,197 mV, vdd 3,305 mV)
  05:22:53  t+1163.3min  3,573 mV   25%  on cell   (pin 1,207 mV, vdd 3,305 mV)
  05:23:56  t+1164.3min  3,573 mV   25%  on cell   (pin 1,207 mV, vdd 3,308 mV)
  05:24:58  t+1165.4min  3,532 mV   21%  on cell   (pin 1,193 mV, vdd 3,304 mV)
  05:26:01  t+1166.4min  3,558 mV   24%  on cell   (pin 1,202 mV, vdd 3,304 mV)
  05:27:04  t+1167.5min  3,564 mV   24%  on cell   (pin 1,204 mV, vdd 3,304 mV)
  05:28:06  t+1168.5min  3,549 mV   23%  on cell   (pin 1,199 mV, vdd 3,302 mV)
  05:29:08  t+1169.5min  3,609 mV   29%  on cell   (pin 1,219 mV, vdd 3,302 mV)
  05:30:10  t+1170.5min  3,552 mV   23%  on cell   (pin 1,200 mV, vdd 3,303 mV)
  05:31:11  t+1171.6min  3,544 mV   22%  on cell   (pin 1,197 mV, vdd 3,307 mV)
  05:32:13  t+1172.6min  3,570 mV   25%  on cell   (pin 1,206 mV, vdd 3,307 mV)
  05:33:15  t+1173.6min  3,570 mV   25%  on cell   (pin 1,206 mV, vdd 3,304 mV)
  05:34:19  t+1174.7min  3,547 mV   23%  on cell   (pin 1,198 mV, vdd 3,309 mV)
  05:35:22  t+1175.8min  3,588 mV   27%  on cell   (pin 1,212 mV, vdd 3,308 mV)
  05:36:24  t+1176.8min  3,538 mV   22%  on cell   (pin 1,195 mV, vdd 3,306 mV)
  05:37:27  t+1177.8min  3,544 mV   22%  on cell   (pin 1,197 mV, vdd 3,302 mV)
  05:38:29  t+1178.9min  3,532 mV   21%  on cell   (pin 1,193 mV, vdd 3,303 mV)
  05:39:32  t+1179.9min  3,564 mV   24%  on cell   (pin 1,204 mV, vdd 3,311 mV)
  05:40:36  t+1181.0min  3,544 mV   22%  on cell   (pin 1,197 mV, vdd 3,311 mV)
  05:41:38  t+1182.0min  3,558 mV   24%  on cell   (pin 1,202 mV, vdd 3,306 mV)
  05:42:40  t+1183.1min  3,576 mV   26%  on cell   (pin 1,208 mV, vdd 3,303 mV)
  05:43:41  t+1184.1min  3,547 mV   23%  on cell   (pin 1,198 mV, vdd 3,306 mV)
  05:44:43  t+1185.1min  3,549 mV   23%  on cell   (pin 1,199 mV, vdd 3,311 mV)
  05:45:44  t+1186.1min  3,544 mV   22%  on cell   (pin 1,197 mV, vdd 3,307 mV)
  05:46:48  t+1187.2min  3,564 mV   24%  on cell   (pin 1,204 mV, vdd 3,303 mV)
  05:47:50  t+1188.2min  3,567 mV   25%  on cell   (pin 1,205 mV, vdd 3,306 mV)
  05:48:53  t+1189.3min  3,576 mV   26%  on cell   (pin 1,208 mV, vdd 3,304 mV)
  05:49:54  t+1190.3min  3,597 mV   28%  on cell   (pin 1,215 mV, vdd 3,304 mV)
  05:50:57  t+1191.3min  3,573 mV   25%  on cell   (pin 1,207 mV, vdd 3,307 mV)
  05:52:00  t+1192.4min  3,558 mV   24%  on cell   (pin 1,202 mV, vdd 3,302 mV)
  05:53:01  t+1193.4min  3,567 mV   25%  on cell   (pin 1,205 mV, vdd 3,304 mV)
  05:54:05  t+1194.5min  3,541 mV   22%  on cell   (pin 1,196 mV, vdd 3,309 mV)
  05:55:07  t+1195.5min  3,505 mV   18%  on cell   (pin 1,184 mV, vdd 3,304 mV)
  05:56:11  t+1196.6min  3,600 mV   28%  on cell   (pin 1,216 mV, vdd 3,306 mV)
  05:57:14  t+1197.6min  3,555 mV   23%  on cell   (pin 1,201 mV, vdd 3,271 mV)
  05:58:16  t+1198.7min  3,535 mV   21%  on cell   (pin 1,194 mV, vdd 3,299 mV)
  05:59:19  t+1199.7min  3,538 mV   22%  on cell   (pin 1,195 mV, vdd 3,306 mV)
  06:00:21  t+1200.7min  3,564 mV   24%  on cell   (pin 1,204 mV, vdd 3,301 mV)
  06:01:23  t+1201.8min  3,541 mV   22%  on cell   (pin 1,196 mV, vdd 3,298 mV)
  06:02:25  t+1202.8min  3,544 mV   22%  on cell   (pin 1,197 mV, vdd 3,307 mV)
  06:03:29  t+1203.9min  3,564 mV   24%  on cell   (pin 1,204 mV, vdd 3,303 mV)
  06:04:31  t+1204.9min  3,544 mV   22%  on cell   (pin 1,197 mV, vdd 3,306 mV)
  06:05:34  t+1206.0min  3,558 mV   24%  on cell   (pin 1,202 mV, vdd 3,306 mV)
  06:06:37  t+1207.0min  3,588 mV   27%  on cell   (pin 1,212 mV, vdd 3,301 mV)
  06:07:39  t+1208.0min  3,558 mV   24%  on cell   (pin 1,202 mV, vdd 3,304 mV)
  06:08:41  t+1209.1min  3,549 mV   23%  on cell   (pin 1,199 mV, vdd 3,302 mV)
  06:09:44  t+1210.1min  3,523 mV   20%  on cell   (pin 1,190 mV, vdd 3,306 mV)
  06:10:46  t+1211.1min  3,594 mV   28%  on cell   (pin 1,214 mV, vdd 3,302 mV)
  06:11:51  t+1212.2min  3,547 mV   23%  on cell   (pin 1,198 mV, vdd 3,306 mV)
  06:12:53  t+1213.3min  3,555 mV   23%  on cell   (pin 1,201 mV, vdd 3,300 mV)
  06:13:56  t+1214.3min  3,544 mV   22%  on cell   (pin 1,197 mV, vdd 3,305 mV)
  06:14:57  t+1215.3min  3,576 mV   26%  on cell   (pin 1,208 mV, vdd 3,306 mV)
  06:15:59  t+1216.4min  3,544 mV   22%  on cell   (pin 1,197 mV, vdd 3,304 mV)
  06:17:01  t+1217.4min  3,567 mV   25%  on cell   (pin 1,205 mV, vdd 3,306 mV)
  06:18:03  t+1218.4min  3,547 mV   23%  on cell   (pin 1,198 mV, vdd 3,300 mV)
  06:19:04  t+1219.5min  3,549 mV   23%  on cell   (pin 1,199 mV, vdd 3,301 mV)
  06:20:11  t+1220.6min  3,549 mV   23%  on cell   (pin 1,199 mV, vdd 3,306 mV)
  06:21:12  t+1221.6min  3,541 mV   22%  on cell   (pin 1,196 mV, vdd 3,305 mV)
  06:22:14  t+1222.6min  3,541 mV   22%  on cell   (pin 1,196 mV, vdd 3,300 mV)
  06:23:16  t+1223.6min  3,511 mV   19%  on cell   (pin 1,186 mV, vdd 3,296 mV)
  06:24:19  t+1224.7min  3,570 mV   25%  on cell   (pin 1,206 mV, vdd 3,302 mV)
  06:25:21  t+1225.7min  3,538 mV   22%  on cell   (pin 1,195 mV, vdd 3,308 mV)
  06:26:22  t+1226.8min  3,564 mV   24%  on cell   (pin 1,204 mV, vdd 3,311 mV)
  06:27:24  t+1227.8min  3,585 mV   27%  on cell   (pin 1,211 mV, vdd 3,302 mV)
  06:28:27  t+1228.8min  3,561 mV   24%  on cell   (pin 1,203 mV, vdd 3,307 mV)
  06:29:30  t+1229.9min  3,576 mV   26%  on cell   (pin 1,208 mV, vdd 3,303 mV)
  06:30:31  t+1230.9min  3,549 mV   23%  on cell   (pin 1,199 mV, vdd 3,300 mV)
  06:31:33  t+1231.9min  3,523 mV   20%  on cell   (pin 1,190 mV, vdd 3,307 mV)
  06:32:35  t+1233.0min  3,567 mV   25%  on cell   (pin 1,205 mV, vdd 3,311 mV)
  06:33:36  t+1234.0min  3,538 mV   22%  on cell   (pin 1,195 mV, vdd 3,305 mV)
  06:34:39  t+1235.0min  3,552 mV   23%  on cell   (pin 1,200 mV, vdd 3,304 mV)
  06:35:42  t+1236.1min  3,561 mV   24%  on cell   (pin 1,203 mV, vdd 3,303 mV)
  06:36:43  t+1237.1min  3,561 mV   24%  on cell   (pin 1,203 mV, vdd 3,306 mV)
  06:37:45  t+1238.1min  3,544 mV   22%  on cell   (pin 1,197 mV, vdd 3,303 mV)
  06:38:47  t+1239.2min  3,561 mV   24%  on cell   (pin 1,203 mV, vdd 3,308 mV)
  06:39:51  t+1240.2min  3,552 mV   23%  on cell   (pin 1,200 mV, vdd 3,311 mV)
  06:40:54  t+1241.3min  3,567 mV   25%  on cell   (pin 1,205 mV, vdd 3,307 mV)
  06:41:57  t+1242.3min  3,552 mV   23%  on cell   (pin 1,200 mV, vdd 3,303 mV)
  06:42:59  t+1243.4min  3,523 mV   20%  on cell   (pin 1,190 mV, vdd 3,313 mV)
  06:44:02  t+1244.4min  3,541 mV   22%  on cell   (pin 1,196 mV, vdd 3,297 mV)
  06:45:03  t+1245.4min  3,508 mV   18%  on cell   (pin 1,185 mV, vdd 3,304 mV)
  06:46:05  t+1246.5min  3,552 mV   23%  on cell   (pin 1,200 mV, vdd 3,305 mV)
  06:47:08  t+1247.5min  3,582 mV   26%  on cell   (pin 1,210 mV, vdd 3,296 mV)
  06:48:10  t+1248.5min  3,547 mV   23%  on cell   (pin 1,198 mV, vdd 3,306 mV)
  06:49:12  t+1249.6min  3,585 mV   27%  on cell   (pin 1,211 mV, vdd 3,302 mV)
  06:50:14  t+1250.6min  3,558 mV   24%  on cell   (pin 1,202 mV, vdd 3,304 mV)
  06:51:16  t+1251.7min  3,558 mV   24%  on cell   (pin 1,202 mV, vdd 3,302 mV)
  06:52:18  t+1252.7min  3,532 mV   21%  on cell   (pin 1,193 mV, vdd 3,303 mV)
  06:53:22  t+1253.7min  3,517 mV   19%  on cell   (pin 1,188 mV, vdd 3,303 mV)
  06:54:24  t+1254.8min  3,544 mV   22%  on cell   (pin 1,197 mV, vdd 3,311 mV)
  06:55:26  t+1255.8min  3,588 mV   27%  on cell   (pin 1,212 mV, vdd 3,303 mV)
  06:56:28  t+1256.9min  3,567 mV   25%  on cell   (pin 1,205 mV, vdd 3,305 mV)
  06:57:30  t+1257.9min  3,564 mV   24%  on cell   (pin 1,204 mV, vdd 3,303 mV)
  06:58:31  t+1258.9min  3,564 mV   24%  on cell   (pin 1,204 mV, vdd 3,303 mV)
  06:59:33  t+1259.9min  3,523 mV   20%  on cell   (pin 1,190 mV, vdd 3,302 mV)
  07:00:35  t+1261.0min  3,558 mV   24%  on cell   (pin 1,202 mV, vdd 3,304 mV)
  07:01:38  t+1262.0min  3,544 mV   22%  on cell   (pin 1,197 mV, vdd 3,305 mV)
  07:02:41  t+1263.1min  3,564 mV   24%  on cell   (pin 1,204 mV, vdd 3,300 mV)
  07:03:43  t+1264.1min  3,538 mV   22%  on cell   (pin 1,195 mV, vdd 3,298 mV)
  07:04:45  t+1265.1min  3,517 mV   19%  on cell   (pin 1,188 mV, vdd 3,309 mV)
  07:05:48  t+1266.2min  3,567 mV   25%  on cell   (pin 1,205 mV, vdd 3,306 mV)
  07:06:50  t+1267.2min  3,552 mV   23%  on cell   (pin 1,200 mV, vdd 3,305 mV)
  07:07:51  t+1268.2min  3,535 mV   21%  on cell   (pin 1,194 mV, vdd 3,303 mV)
  07:08:54  t+1269.3min  3,594 mV   28%  on cell   (pin 1,214 mV, vdd 3,306 mV)
  07:09:57  t+1270.3min  3,576 mV   26%  on cell   (pin 1,208 mV, vdd 3,307 mV)
  07:11:00  t+1271.4min  3,538 mV   22%  on cell   (pin 1,195 mV, vdd 3,303 mV)
  07:12:02  t+1272.4min  3,552 mV   23%  on cell   (pin 1,200 mV, vdd 3,306 mV)
  07:13:03  t+1273.4min  3,588 mV   27%  on cell   (pin 1,212 mV, vdd 3,307 mV)
  07:14:04  t+1274.5min  3,561 mV   24%  on cell   (pin 1,203 mV, vdd 3,304 mV)
  07:15:08  t+1275.5min  3,564 mV   24%  on cell   (pin 1,204 mV, vdd 3,303 mV)
  07:16:10  t+1276.6min  3,544 mV   22%  on cell   (pin 1,197 mV, vdd 3,306 mV)
  07:17:12  t+1277.6min  3,567 mV   25%  on cell   (pin 1,205 mV, vdd 3,302 mV)
  07:18:14  t+1278.6min  3,532 mV   21%  on cell   (pin 1,193 mV, vdd 3,306 mV)
  07:19:17  t+1279.7min  3,547 mV   23%  on cell   (pin 1,198 mV, vdd 3,308 mV)
  07:20:19  t+1280.7min  3,520 mV   20%  on cell   (pin 1,189 mV, vdd 3,304 mV)
  07:21:21  t+1281.7min  3,573 mV   25%  on cell   (pin 1,207 mV, vdd 3,306 mV)
  07:22:23  t+1282.8min  3,544 mV   22%  on cell   (pin 1,197 mV, vdd 3,301 mV)
  07:23:25  t+1283.8min  3,523 mV   20%  on cell   (pin 1,190 mV, vdd 3,296 mV)
  07:24:26  t+1284.8min  3,529 mV   21%  on cell   (pin 1,192 mV, vdd 3,311 mV)
  07:25:28  t+1285.9min  3,555 mV   23%  on cell   (pin 1,201 mV, vdd 3,305 mV)
  07:26:31  t+1286.9min  3,529 mV   21%  on cell   (pin 1,192 mV, vdd 3,303 mV)
  07:27:32  t+1287.9min  3,558 mV   24%  on cell   (pin 1,202 mV, vdd 3,308 mV)
  07:28:35  t+1289.0min  3,564 mV   24%  on cell   (pin 1,204 mV, vdd 3,301 mV)
  07:29:36  t+1290.0min  3,541 mV   22%  on cell   (pin 1,196 mV, vdd 3,299 mV)
  07:30:39  t+1291.0min  3,511 mV   19%  on cell   (pin 1,186 mV, vdd 3,306 mV)
  07:31:42  t+1292.1min  3,538 mV   22%  on cell   (pin 1,195 mV, vdd 3,301 mV)
  07:32:45  t+1293.1min  3,549 mV   23%  on cell   (pin 1,199 mV, vdd 3,308 mV)
  07:33:47  t+1294.2min  3,520 mV   20%  on cell   (pin 1,189 mV, vdd 3,304 mV)
  07:34:51  t+1295.2min  3,570 mV   25%  on cell   (pin 1,206 mV, vdd 3,305 mV)
  07:35:53  t+1296.3min  3,549 mV   23%  on cell   (pin 1,199 mV, vdd 3,303 mV)
  07:36:55  t+1297.3min  3,570 mV   25%  on cell   (pin 1,206 mV, vdd 3,300 mV)
  07:37:57  t+1298.3min  3,544 mV   22%  on cell   (pin 1,197 mV, vdd 3,304 mV)
  07:38:59  t+1299.4min  3,544 mV   22%  on cell   (pin 1,197 mV, vdd 3,308 mV)
  07:40:01  t+1300.4min  3,517 mV   19%  on cell   (pin 1,188 mV, vdd 3,303 mV)
  07:41:03  t+1301.4min  3,547 mV   23%  on cell   (pin 1,198 mV, vdd 3,303 mV)
  07:42:08  t+1302.5min  3,529 mV   21%  on cell   (pin 1,192 mV, vdd 3,308 mV)
  07:43:09  t+1303.5min  3,558 mV   24%  on cell   (pin 1,202 mV, vdd 3,304 mV)
  07:44:12  t+1304.6min  3,544 mV   22%  on cell   (pin 1,197 mV, vdd 3,309 mV)
  07:45:15  t+1305.6min  3,505 mV   18%  on cell   (pin 1,184 mV, vdd 3,311 mV)
  07:46:16  t+1306.7min  3,523 mV   20%  on cell   (pin 1,190 mV, vdd 3,307 mV)
  07:47:18  t+1307.7min  3,511 mV   19%  on cell   (pin 1,186 mV, vdd 3,313 mV)
  07:48:20  t+1308.7min  3,544 mV   22%  on cell   (pin 1,197 mV, vdd 3,302 mV)
  07:49:24  t+1309.8min  3,564 mV   24%  on cell   (pin 1,204 mV, vdd 3,308 mV)
  07:50:27  t+1310.8min  3,561 mV   24%  on cell   (pin 1,203 mV, vdd 3,309 mV)
  07:51:28  t+1311.9min  3,564 mV   24%  on cell   (pin 1,204 mV, vdd 3,302 mV)
  07:52:30  t+1312.9min  3,555 mV   23%  on cell   (pin 1,201 mV, vdd 3,306 mV)
  07:53:31  t+1313.9min  3,502 mV   18%  on cell   (pin 1,183 mV, vdd 3,306 mV)
  07:54:36  t+1315.0min  3,597 mV   28%  on cell   (pin 1,215 mV, vdd 3,305 mV)
  07:55:40  t+1316.0min  3,541 mV   22%  on cell   (pin 1,196 mV, vdd 3,303 mV)
  07:56:42  t+1317.1min  3,538 mV   22%  on cell   (pin 1,195 mV, vdd 3,303 mV)
  07:57:44  t+1318.1min  3,564 mV   24%  on cell   (pin 1,204 mV, vdd 3,307 mV)
  07:58:48  t+1319.2min  3,532 mV   21%  on cell   (pin 1,193 mV, vdd 3,305 mV)
  07:59:52  t+1320.3min  3,523 mV   20%  on cell   (pin 1,190 mV, vdd 3,306 mV)
  08:00:54  t+1321.3min  3,523 mV   20%  on cell   (pin 1,190 mV, vdd 3,303 mV)
  08:01:55  t+1322.3min  3,585 mV   27%  on cell   (pin 1,211 mV, vdd 3,297 mV)
  08:02:57  t+1323.3min  3,570 mV   25%  on cell   (pin 1,206 mV, vdd 3,308 mV)
  08:03:59  t+1324.4min  3,544 mV   22%  on cell   (pin 1,197 mV, vdd 3,309 mV)
  08:05:01  t+1325.4min  3,529 mV   21%  on cell   (pin 1,192 mV, vdd 3,300 mV)
  08:06:02  t+1326.4min  3,544 mV   22%  on cell   (pin 1,197 mV, vdd 3,299 mV)
  08:07:04  t+1327.5min  3,564 mV   24%  on cell   (pin 1,204 mV, vdd 3,311 mV)
  08:08:07  t+1328.5min  3,520 mV   20%  on cell   (pin 1,189 mV, vdd 3,303 mV)
  08:09:10  t+1329.6min  3,511 mV   19%  on cell   (pin 1,186 mV, vdd 3,304 mV)
  08:10:13  t+1330.6min  3,558 mV   24%  on cell   (pin 1,202 mV, vdd 3,303 mV)
  08:11:15  t+1331.6min  3,505 mV   18%  on cell   (pin 1,184 mV, vdd 3,306 mV)
  08:12:17  t+1332.7min  3,549 mV   23%  on cell   (pin 1,199 mV, vdd 3,304 mV)
  08:13:19  t+1333.7min  3,538 mV   22%  on cell   (pin 1,195 mV, vdd 3,301 mV)
  08:14:20  t+1334.7min  3,538 mV   22%  on cell   (pin 1,195 mV, vdd 3,308 mV)
  08:15:24  t+1335.8min  3,538 mV   22%  on cell   (pin 1,195 mV, vdd 3,305 mV)
  08:16:25  t+1336.8min  3,538 mV   22%  on cell   (pin 1,195 mV, vdd 3,309 mV)
  08:17:27  t+1337.8min  3,529 mV   21%  on cell   (pin 1,192 mV, vdd 3,304 mV)
  08:18:31  t+1338.9min  3,520 mV   20%  on cell   (pin 1,189 mV, vdd 3,306 mV)
  08:19:33  t+1339.9min  3,517 mV   19%  on cell   (pin 1,188 mV, vdd 3,302 mV)
  08:20:37  t+1341.0min  3,502 mV   18%  on cell   (pin 1,183 mV, vdd 3,309 mV)
  08:21:38  t+1342.0min  3,514 mV   19%  on cell   (pin 1,187 mV, vdd 3,304 mV)
  08:22:41  t+1343.1min  3,520 mV   20%  on cell   (pin 1,189 mV, vdd 3,302 mV)
  08:23:42  t+1344.1min  3,517 mV   19%  on cell   (pin 1,188 mV, vdd 3,305 mV)
  08:24:45  t+1345.1min  3,496 mV   17%  on cell   (pin 1,181 mV, vdd 3,302 mV)
  08:25:48  t+1346.2min  3,508 mV   18%  on cell   (pin 1,185 mV, vdd 3,306 mV)
  08:26:50  t+1347.2min  3,567 mV   25%  on cell   (pin 1,205 mV, vdd 3,303 mV)
  08:27:51  t+1348.2min  3,549 mV   23%  on cell   (pin 1,199 mV, vdd 3,303 mV)
  08:28:55  t+1349.3min  3,541 mV   22%  on cell   (pin 1,196 mV, vdd 3,303 mV)
  08:29:56  t+1350.3min  3,508 mV   18%  on cell   (pin 1,185 mV, vdd 3,312 mV)
  08:30:57  t+1351.3min  3,538 mV   22%  on cell   (pin 1,195 mV, vdd 3,308 mV)
  08:32:00  t+1352.4min  3,523 mV   20%  on cell   (pin 1,190 mV, vdd 3,302 mV)
  08:33:02  t+1353.4min  3,555 mV   23%  on cell   (pin 1,201 mV, vdd 3,306 mV)
  08:34:04  t+1354.5min  3,532 mV   21%  on cell   (pin 1,193 mV, vdd 3,304 mV)
  08:35:07  t+1355.5min  3,526 mV   20%  on cell   (pin 1,191 mV, vdd 3,300 mV)
  08:36:09  t+1356.5min  3,514 mV   19%  on cell   (pin 1,187 mV, vdd 3,304 mV)
  08:37:13  t+1357.6min  3,558 mV   24%  on cell   (pin 1,202 mV, vdd 3,303 mV)
  08:38:16  t+1358.6min  3,538 mV   22%  on cell   (pin 1,195 mV, vdd 3,313 mV)
  08:39:17  t+1359.7min  3,532 mV   21%  on cell   (pin 1,193 mV, vdd 3,308 mV)
  08:40:21  t+1360.7min  3,561 mV   24%  on cell   (pin 1,203 mV, vdd 3,303 mV)
  08:41:23  t+1361.8min  3,523 mV   20%  on cell   (pin 1,190 mV, vdd 3,305 mV)
  08:42:26  t+1362.8min  3,535 mV   21%  on cell   (pin 1,194 mV, vdd 3,304 mV)
  08:43:29  t+1363.9min  3,570 mV   25%  on cell   (pin 1,206 mV, vdd 3,302 mV)
  08:44:30  t+1364.9min  3,523 mV   20%  on cell   (pin 1,190 mV, vdd 3,307 mV)
  08:45:33  t+1365.9min  3,547 mV   23%  on cell   (pin 1,198 mV, vdd 3,307 mV)
  08:46:35  t+1367.0min  3,564 mV   24%  on cell   (pin 1,204 mV, vdd 3,302 mV)
  08:47:37  t+1368.0min  3,517 mV   19%  on cell   (pin 1,188 mV, vdd 3,301 mV)
  08:48:40  t+1369.0min  3,523 mV   20%  on cell   (pin 1,190 mV, vdd 3,302 mV)
  08:49:41  t+1370.1min  3,541 mV   22%  on cell   (pin 1,196 mV, vdd 3,299 mV)
  08:50:43  t+1371.1min  3,526 mV   20%  on cell   (pin 1,191 mV, vdd 3,302 mV)
  08:51:46  t+1372.2min  3,547 mV   23%  on cell   (pin 1,198 mV, vdd 3,312 mV)
  08:52:49  t+1373.2min  3,526 mV   20%  on cell   (pin 1,191 mV, vdd 3,306 mV)
  08:53:50  t+1374.2min  3,496 mV   17%  on cell   (pin 1,181 mV, vdd 3,307 mV)
  08:54:52  t+1375.3min  3,529 mV   21%  on cell   (pin 1,192 mV, vdd 3,304 mV)
  08:55:54  t+1376.3min  3,541 mV   22%  on cell   (pin 1,196 mV, vdd 3,299 mV)
  08:56:57  t+1377.3min  3,517 mV   19%  on cell   (pin 1,188 mV, vdd 3,300 mV)
  08:57:58  t+1378.4min  3,529 mV   21%  on cell   (pin 1,192 mV, vdd 3,300 mV)
  08:59:00  t+1379.4min  3,555 mV   23%  on cell   (pin 1,201 mV, vdd 3,303 mV)
  09:00:02  t+1380.4min  3,496 mV   17%  on cell   (pin 1,181 mV, vdd 3,304 mV)
  09:01:04  t+1381.4min  3,523 mV   20%  on cell   (pin 1,190 mV, vdd 3,302 mV)
  09:02:07  t+1382.5min  3,544 mV   22%  on cell   (pin 1,197 mV, vdd 3,304 mV)
  09:03:10  t+1383.6min  3,502 mV   18%  on cell   (pin 1,183 mV, vdd 3,303 mV)
  09:04:12  t+1384.6min  3,538 mV   22%  on cell   (pin 1,195 mV, vdd 3,304 mV)
  09:05:14  t+1385.6min  3,547 mV   23%  on cell   (pin 1,198 mV, vdd 3,333 mV)
  09:06:16  t+1386.6min  3,544 mV   22%  on cell   (pin 1,197 mV, vdd 3,297 mV)
  09:07:19  t+1387.7min  3,508 mV   18%  on cell   (pin 1,185 mV, vdd 3,305 mV)
  09:08:21  t+1388.7min  3,532 mV   21%  on cell   (pin 1,193 mV, vdd 3,300 mV)
  09:09:23  t+1389.8min  3,523 mV   20%  on cell   (pin 1,190 mV, vdd 3,300 mV)
  09:10:26  t+1390.8min  3,541 mV   22%  on cell   (pin 1,196 mV, vdd 3,306 mV)
  09:11:28  t+1391.9min  3,502 mV   18%  on cell   (pin 1,183 mV, vdd 3,305 mV)
  09:12:31  t+1392.9min  3,520 mV   20%  on cell   (pin 1,189 mV, vdd 3,300 mV)
  09:13:33  t+1393.9min  3,499 mV   17%  on cell   (pin 1,182 mV, vdd 3,303 mV)
  09:14:34  t+1395.0min  3,514 mV   19%  on cell   (pin 1,187 mV, vdd 3,307 mV)
  09:15:36  t+1396.0min  3,529 mV   21%  on cell   (pin 1,192 mV, vdd 3,296 mV)
  09:16:38  t+1397.0min  3,541 mV   22%  on cell   (pin 1,196 mV, vdd 3,296 mV)
  09:17:40  t+1398.1min  3,523 mV   20%  on cell   (pin 1,190 mV, vdd 3,303 mV)
  09:18:42  t+1399.1min  3,458 mV   13%  on cell   (pin 1,168 mV, vdd 3,304 mV)
  09:19:43  t+1400.1min  3,529 mV   21%  on cell   (pin 1,192 mV, vdd 3,296 mV)
  09:20:46  t+1401.2min  3,544 mV   22%  on cell   (pin 1,197 mV, vdd 3,300 mV)
  09:21:48  t+1402.2min  3,547 mV   23%  on cell   (pin 1,198 mV, vdd 3,299 mV)
  09:22:51  t+1403.2min  3,544 mV   22%  on cell   (pin 1,197 mV, vdd 3,304 mV)
  09:23:53  t+1404.3min  3,544 mV   22%  on cell   (pin 1,197 mV, vdd 3,301 mV)
  09:24:56  t+1405.3min  3,493 mV   17%  on cell   (pin 1,180 mV, vdd 3,299 mV)
  09:25:57  t+1406.3min  3,532 mV   21%  on cell   (pin 1,193 mV, vdd 3,300 mV)
  09:27:00  t+1407.4min  3,505 mV   18%  on cell   (pin 1,184 mV, vdd 3,302 mV)
  09:31:56  t+1412.3min  3,517 mV   19%  on cell   (pin 1,188 mV, vdd 3,302 mV)
  09:32:58  t+1413.4min  3,490 mV   16%  on cell   (pin 1,179 mV, vdd 3,304 mV)
  09:34:00  t+1414.4min  3,514 mV   19%  on cell   (pin 1,187 mV, vdd 3,304 mV)
  09:35:03  t+1415.4min  3,532 mV   21%  on cell   (pin 1,193 mV, vdd 3,299 mV)
  09:36:06  t+1416.5min  3,517 mV   19%  on cell   (pin 1,188 mV, vdd 3,301 mV)
  09:37:10  t+1417.6min  3,511 mV   19%  on cell   (pin 1,186 mV, vdd 3,305 mV)
  09:38:12  t+1418.6min  3,535 mV   21%  on cell   (pin 1,194 mV, vdd 3,303 mV)
  09:39:15  t+1419.6min  3,523 mV   20%  on cell   (pin 1,190 mV, vdd 3,302 mV)
  09:40:17  t+1420.7min  3,529 mV   21%  on cell   (pin 1,192 mV, vdd 3,303 mV)
  09:41:18  t+1421.7min  3,502 mV   18%  on cell   (pin 1,183 mV, vdd 3,304 mV)
  09:42:21  t+1422.7min  3,523 mV   20%  on cell   (pin 1,190 mV, vdd 3,302 mV)
  09:43:22  t+1423.8min  3,499 mV   17%  on cell   (pin 1,182 mV, vdd 3,303 mV)
  09:44:24  t+1424.8min  3,473 mV   14%  on cell   (pin 1,173 mV, vdd 3,303 mV)
  09:45:25  t+1425.8min  3,523 mV   20%  on cell   (pin 1,190 mV, vdd 3,302 mV)
  09:46:26  t+1426.8min  3,514 mV   19%  on cell   (pin 1,187 mV, vdd 3,303 mV)
  09:47:28  t+1427.9min  3,538 mV   22%  on cell   (pin 1,195 mV, vdd 3,302 mV)
  09:56:39  t+1437.0min  3,505 mV   18%  on cell   (pin 1,184 mV, vdd 3,309 mV)

  947 samples over 23.9 h: 3,795 -> 3,505 mV (range 3,458-3,834)
  net -290 mV, -12 mV/h
